Archive member included to satisfy reference by file (symbol)

/opt/devkitpro/libnds/lib/libnds9.a(video.o)
                              graficos.o (vramSetMainBanks)
/opt/devkitpro/libnds/lib/libnds9.a(touch.o)
                              perifericos.o (touchRead)
/opt/devkitpro/libnds/lib/libnds9.a(sprite_alloc.o)
                              sprites.o (oamAllocateGfx)
/opt/devkitpro/libnds/lib/libnds9.a(system.o)
                              graficos.o (powerOn)
/opt/devkitpro/libnds/lib/libnds9.a(console.o)
                              graficos.o (consoleDemoInit)
/opt/devkitpro/libnds/lib/libnds9.a(sprite.o)
                              graficos.o (oamInit)
/opt/devkitpro/libnds/lib/libnds9.a(initSystem.o)
                              /opt/devkitpro/devkitARM/bin/../lib/gcc/arm-none-eabi/11.2.0/../../../../arm-none-eabi/lib/thumb/ds_arm9_crt0.o (initSystem)
/opt/devkitpro/libnds/lib/libnds9.a(securearea.o)
                              /opt/devkitpro/devkitARM/bin/../lib/gcc/arm-none-eabi/11.2.0/../../../../arm-none-eabi/lib/thumb/ds_arm9_crt0.o (__secure_area__)
/opt/devkitpro/libnds/lib/libnds9.a(interrupts.o)
                              rutinasAtencion.o (irqSet)
/opt/devkitpro/libnds/lib/libnds9.a(libnds_exit.arm.o)
                              /opt/devkitpro/devkitARM/bin/../lib/gcc/arm-none-eabi/11.2.0/../../../../arm-none-eabi/lib/thumb/ds_arm9_crt0.o (__libnds_exit)
/opt/devkitpro/libnds/lib/libnds9.a(fifosystem.o)
                              /opt/devkitpro/libnds/lib/libnds9.a(initSystem.o) (fifoSetValue32Handler)
/opt/devkitpro/libnds/lib/libnds9.a(dcache.o)
                              /opt/devkitpro/libnds/lib/libnds9.a(sprite.o) (DC_FlushRange)
/opt/devkitpro/libnds/lib/libnds9.a(mpu_setup.o)
                              /opt/devkitpro/devkitARM/bin/../lib/gcc/arm-none-eabi/11.2.0/../../../../arm-none-eabi/lib/thumb/ds_arm9_crt0.o (__libnds_mpu_setup)
/opt/devkitpro/libnds/lib/libnds9.a(IntrWait.o)
                              juego.o (swiWaitForVBlank)
/opt/devkitpro/libnds/lib/libnds9.a(cpu_clock.o)
                              /opt/devkitpro/libnds/lib/libnds9.a(initSystem.o) (setCpuClock)
/opt/devkitpro/libnds/lib/libnds9.a(interruptDispatcher.o)
                              /opt/devkitpro/libnds/lib/libnds9.a(interrupts.o) (IntrMain)
/opt/devkitpro/libnds/lib/libnds9.a(biosCalls.o)
                              /opt/devkitpro/libnds/lib/libnds9.a(system.o) (swiDelay)
/opt/devkitpro/libnds/lib/libnds9.a(debugprint.o)
                              /opt/devkitpro/libnds/lib/libnds9.a(console.o) (nocashWrite)
/opt/devkitpro/libnds/lib/libnds9.a(swiSoftReset.o)
                              /opt/devkitpro/libnds/lib/libnds9.a(fifosystem.o) (swiSoftReset)
/opt/devkitpro/libnds/lib/libnds9.a(default_font.bin.o)
                              /opt/devkitpro/libnds/lib/libnds9.a(console.o) (default_font_bin)
/opt/devkitpro/libnds/lib/libnds9.a(background.o)
                              /opt/devkitpro/libnds/lib/libnds9.a(console.o) (bgState)
/opt/devkitpro/libnds/lib/libnds9.a(trig.o)
                              /opt/devkitpro/libnds/lib/libnds9.a(sprite.o) (sinLerp)
/opt/devkitpro/devkitARM/bin/../lib/gcc/arm-none-eabi/11.2.0/thumb/libgcc.a(_divsi3.o)
                              /opt/devkitpro/libnds/lib/libnds9.a(console.o) (__aeabi_idivmod)
/opt/devkitpro/devkitARM/bin/../lib/gcc/arm-none-eabi/11.2.0/thumb/libgcc.a(_dvmd_tls.o)
                              /opt/devkitpro/devkitARM/bin/../lib/gcc/arm-none-eabi/11.2.0/thumb/libgcc.a(_divsi3.o) (__aeabi_idiv0)
/opt/devkitpro/devkitARM/bin/../lib/gcc/arm-none-eabi/11.2.0/../../../../arm-none-eabi/lib/thumb/libg.a(lib_a-bsearch.o)
                              /opt/devkitpro/libnds/lib/libnds9.a(trig.o) (bsearch)
/opt/devkitpro/devkitARM/bin/../lib/gcc/arm-none-eabi/11.2.0/../../../../arm-none-eabi/lib/thumb/libg.a(lib_a-init.o)
                              /opt/devkitpro/devkitARM/bin/../lib/gcc/arm-none-eabi/11.2.0/../../../../arm-none-eabi/lib/thumb/ds_arm9_crt0.o (__libc_init_array)
/opt/devkitpro/devkitARM/bin/../lib/gcc/arm-none-eabi/11.2.0/../../../../arm-none-eabi/lib/thumb/libg.a(lib_a-iprintf.o)
                              juego.o (iprintf)
/opt/devkitpro/devkitARM/bin/../lib/gcc/arm-none-eabi/11.2.0/../../../../arm-none-eabi/lib/thumb/libg.a(lib_a-malloc.o)
                              /opt/devkitpro/libnds/lib/libnds9.a(sprite_alloc.o) (malloc)
/opt/devkitpro/devkitARM/bin/../lib/gcc/arm-none-eabi/11.2.0/../../../../arm-none-eabi/lib/thumb/libg.a(lib_a-mallocr.o)
                              /opt/devkitpro/devkitARM/bin/../lib/gcc/arm-none-eabi/11.2.0/../../../../arm-none-eabi/lib/thumb/libg.a(lib_a-malloc.o) (_malloc_r)
/opt/devkitpro/devkitARM/bin/../lib/gcc/arm-none-eabi/11.2.0/../../../../arm-none-eabi/lib/thumb/libg.a(lib_a-memcpy-stub.o)
                              /opt/devkitpro/libnds/lib/libnds9.a(console.o) (memcpy)
[...]
Memory Configuration

Name             Origin             Length             Attributes
ewram            0x0000000002000000 0x0000000000380000
dtcm             0x0000000002ff0000 0x0000000000004000
vectors          0x0000000001000000 0x0000000000000100
itcm             0x0000000001000100 0x0000000000007f00
*default*        0x0000000000000000 0xffffffffffffffff

Linker script and memory map

                0x0000000002380000                __ewram_end = (ORIGIN (ewram) + LENGTH (ewram))
                0x0000000002380000                __eheap_end = (ORIGIN (ewram) + LENGTH (ewram))
                0x0000000002ff4000                __dtcm_top = (ORIGIN (dtcm) + LENGTH (dtcm))
                0x0000000002ff3ff8                __irq_flags = (__dtcm_top - 0x8)
                0x0000000002ff3ffc                __irq_vector = (__dtcm_top - 0x4)
                0x0000000002ff3f00                __sp_svc = (__dtcm_top - 0x100)
                0x0000000002ff3e00                __sp_irq = (__sp_svc - 0x100)
                0x0000000002ff3d00                __sp_usr = (__sp_irq - 0x100)

.secure         0x0000000002000000      0x800
 *(.secure)
 .secure        0x0000000002000000      0x800 /opt/devkitpro/libnds/lib/libnds9.a(securearea.o)
                0x0000000002000000                __secure_area__

.crt0           0x0000000002000800      0x300
                0x0000000002000800                __text_start = .
 *(.crt0)
 .crt0          0x0000000002000800      0x300 /opt/devkitpro/devkitARM/bin/../lib/gcc/arm-none-eabi/11.2.0/../../../../arm-none-eabi/lib/thumb/ds_arm9_crt0.o
                0x0000000002000800                _start
                0x0000000002000b00                . = ALIGN (0x4)

.plt
 *(.plt)

.init           0x0000000002000b00        0xc
 *(SORT_NONE(.init))
 .init          0x0000000002000b00        0x4 /opt/devkitpro/devkitARM/bin/../lib/gcc/arm-none-eabi/11.2.0/thumb/crti.o
                0x0000000002000b00                _init
 .init          0x0000000002000b04        0x8 /opt/devkitpro/devkitARM/bin/../lib/gcc/arm-none-eabi/11.2.0/thumb/crtn.o

.text           0x0000000002000b10     0xac90
 *(EXCLUDE_FILE(*.twl* *.vectors* *.itcm*) .text)
 .text          0x0000000002000b10      0x180 fondos.o
                0x0000000002000b10                visualizarIntro
                0x0000000002000b40                visualizarMenu
                0x0000000002000b70                visualizarMenu2
                0x0000000002000ba0                visualizarFondo01
                0x0000000002000bd0                visualizarFondo02
                0x0000000002000c00                visualizarFondo04
                0x0000000002000c30                visualizarFondo03
                0x0000000002000c60                visualizarFondo00
 .text          0x0000000002000c90      0x210 graficos.o
                0x0000000002000c90                inicializarVideo
                0x0000000002000cd0                inicializarFondos
                0x0000000002000d9c                inicializarGraficos
                0x0000000002000df8                initSpriteMem
                0x0000000002000e18                inicializarGraficosSprites
 .text          0x0000000002000ea0      0x134 juego.o
                0x0000000002000ea0                juego
 .text          0x0000000002000fd4      0x180 perifericos.o
                0x0000000002000fd4                TeclaDetectada
                0x0000000002000fe8                TeclaPulsada
                0x0000000002001060                TactilTocada
                0x000000000200107c                ConfigurarTeclado
                0x0000000002001090                ConfigurarTemporizador
                0x00000000020010b0                HabilitarIntTeclado
                0x00000000020010d0                InhibirIntTeclado
                0x00000000020010f4                HabilitarIntTempo
                0x0000000002001114                InhibirIntTempo
                0x0000000002001134                PonerEnMarchaTempo
                0x0000000002001144                PararTempo
 .text          0x0000000002001154      0x734 rutinasAtencion.o
                0x0000000002001154                RutAtencionTeclado
                0x0000000002001180                RutAtencionTempo
                0x0000000002001868                EstablecerVectorInt
 .text          0x0000000002001888      0x968 sprites.o
                0x0000000002001888                memoriaReserva
                0x0000000002001930                EstablecerPaletaPrincipal
                0x0000000002001970                GuardarSpritesMemoria
                0x0000000002001ad0                MostrarDino
                0x0000000002001b1c                BorrarDino
                0x0000000002001b68                MostrarDino_dcha
                0x0000000002001bb4                BorrarDino_dcha
                0x0000000002001c00                MostrarDino_izda
                0x0000000002001c4c                BorrarDino_izda
                0x0000000002001c98                MostrarDino_agachar
                0x0000000002001ce4                BorrarDino_agachar
                0x0000000002001d30                MostrarDino_agachar_izda
                0x0000000002001d7c                BorrarDino_agachar_izda
                0x0000000002001dc8                MostrarDino_agachar_dcha
                0x0000000002001e14                BorrarDino_agachar_dcha
                0x0000000002001e60                MostrarDino_choque
                0x0000000002001eac                BorrarDino_choque
                0x0000000002001ef8                MostrarArbol_2
                0x0000000002001f44                BorrarArbol_2
                0x0000000002001f90                MostrarArbol_3
                0x0000000002001fdc                BorrarArbol_3
                0x0000000002002028                MostrarArbol_4
                0x0000000002002074                BorrarArbol_4
                0x00000000020020c0                MostrarPajaro_alas_arriba
                0x000000000200210c                BorrarPajaro_alas_arriba
                0x0000000002002158                MostrarPajaro_alas_abajo
                0x00000000020021a4                BorrarPajaro_alas_abajo
 .text          0x00000000020021f0      0x150 /opt/devkitpro/devkitARM/bin/../lib/gcc/arm-none-eabi/11.2.0/thumb/libgcc.a(_divsi3.o)
                0x00000000020021f0                __aeabi_idiv
                0x00000000020021f0                __divsi3
                0x0000000002002320                __aeabi_idivmod
 .text          0x0000000002002340        0x4 /opt/devkitpro/devkitARM/bin/../lib/gcc/arm-none-eabi/11.2.0/thumb/libgcc.a(_dvmd_tls.o)
                0x0000000002002340                __aeabi_ldiv0
                0x0000000002002340                __aeabi_idiv0
 .text          0x0000000002002344      0x224 /opt/devkitpro/devkitARM/bin/../lib/gcc/arm-none-eabi/11.2.0/../../../../arm-none-eabi/lib/thumb/libg.a(lib_a-strcmp.o)
                0x0000000002002344                strcmp
 .text          0x0000000002002568       0x14 /opt/devkitpro/devkitARM/bin/../lib/gcc/arm-none-eabi/11.2.0/thumb/libgcc.a(_thumb1_case_uqi.o)
                0x0000000002002568                __gnu_thumb1_case_uqi
 .text          0x000000000200257c       0x14 /opt/devkitpro/devkitARM/bin/../lib/gcc/arm-none-eabi/11.2.0/thumb/libgcc.a(_thumb1_case_uhi.o)
                0x000000000200257c                __gnu_thumb1_case_uhi
 .text          0x0000000002002590      0x11c /opt/devkitpro/devkitARM/bin/../lib/gcc/arm-none-eabi/11.2.0/thumb/libgcc.a(_udivsi3.o)
                0x0000000002002590                __udivsi3
                0x0000000002002590                __aeabi_uidiv
                0x000000000200268c                __aeabi_uidivmod
 .text          0x00000000020026ac       0x3c /opt/devkitpro/devkitARM/bin/../lib/gcc/arm-none-eabi/11.2.0/thumb/libgcc.a(_aeabi_uldivmod.o)
                0x00000000020026ac                __aeabi_uldivmod
 .text          0x00000000020026e8       0x28 /opt/devkitpro/devkitARM/bin/../lib/gcc/arm-none-eabi/11.2.0/thumb/libgcc.a(_clzdi2.o)
                0x00000000020026e8                __clzdi2
 .text          0x0000000002002710       0x48 /opt/devkitpro/devkitARM/bin/../lib/gcc/arm-none-eabi/11.2.0/thumb/libgcc.a(_clzsi2.o)
                0x0000000002002710                __clzsi2
 *(EXCLUDE_FILE(*.twl* *.vectors* *.itcm*) .stub)
 *(EXCLUDE_FILE(*.twl* *.vectors* *.itcm*) .text.*)
 .text.__do_global_dtors_aux
                0x0000000002002758       0x2c /opt/devkitpro/devkitARM/bin/../lib/gcc/arm-none-eabi/11.2.0/thumb/crtbegin.o
 .text.frame_dummy
                0x0000000002002784       0x24 /opt/devkitpro/devkitARM/bin/../lib/gcc/arm-none-eabi/11.2.0/thumb/crtbegin.o
 .text.startup  0x00000000020027a8       0x18 main.o
                0x00000000020027a8                main
 .text.vramSetMainBanks
                0x00000000020027c0       0x44 /opt/devkitpro/libnds/lib/libnds9.a(video.o)
                0x00000000020027c0                vramSetMainBanks
 .text.vramDefault
                0x0000000002002804       0xd0 /opt/devkitpro/libnds/lib/libnds9.a(video.o)
                0x0000000002002804                vramDefault
 .text.touchRead
                0x00000000020028d4       0x24 /opt/devkitpro/libnds/lib/libnds9.a(touch.o)
                0x00000000020028d4                touchRead
 .text.oamAllocReset
                0x00000000020028f8       0x1c /opt/devkitpro/libnds/lib/libnds9.a(sprite_alloc.o)
                0x00000000020028f8                oamAllocReset
 .text.oamAllocateGfx
                0x0000000002002914      0x50c /opt/devkitpro/libnds/lib/libnds9.a(sprite_alloc.o)
                0x0000000002002914                oamAllocateGfx
 .text.systemValueHandler
                0x0000000002002e20       0x48 /opt/devkitpro/libnds/lib/libnds9.a(system.o)
                0x0000000002002e20                systemValueHandler
 .text.systemMsgHandler
                0x0000000002002e68       0x60 /opt/devkitpro/libnds/lib/libnds9.a(system.o)
                0x0000000002002e68                systemMsgHandler
 .text.powerOn  0x0000000002002ec8       0x2c /opt/devkitpro/libnds/lib/libnds9.a(system.o)
                0x0000000002002ec8                powerOn
 .text.newRow   0x0000000002002ef4       0xa8 /opt/devkitpro/libnds/lib/libnds9.a(console.o)
 .text.consolePrintChar
                0x0000000002002f9c       0xe0 /opt/devkitpro/libnds/lib/libnds9.a(console.o)
                0x0000000002002f9c                consolePrintChar
 .text.con_write
                0x000000000200307c      0x36c /opt/devkitpro/libnds/lib/libnds9.a(console.o)
                0x000000000200307c                con_write
 .text.consoleLoadFont
                0x00000000020033e8      0x2a0 /opt/devkitpro/libnds/lib/libnds9.a(console.o)
                0x00000000020033e8                consoleLoadFont
 .text.consoleInit
                0x0000000002003688      0x18c /opt/devkitpro/libnds/lib/libnds9.a(console.o)
                0x0000000002003688                consoleInit
 .text.consoleDemoInit
                0x0000000002003814       0x40 /opt/devkitpro/libnds/lib/libnds9.a(console.o)
                0x0000000002003814                consoleDemoInit
 .text.consoleClear
                0x0000000002003854       0x10 /opt/devkitpro/libnds/lib/libnds9.a(console.o)
                0x0000000002003854                consoleClear
 .text.oamInit  0x0000000002003864      0x114 /opt/devkitpro/libnds/lib/libnds9.a(sprite.o)
                0x0000000002003864                oamInit
 .text.oamGetGfxPtr
                0x0000000002003978       0x38 /opt/devkitpro/libnds/lib/libnds9.a(sprite.o)
                0x0000000002003978                oamGetGfxPtr
 .text.oamGfxPtrToOffset
                0x00000000020039b0       0x34 /opt/devkitpro/libnds/lib/libnds9.a(sprite.o)
                0x00000000020039b0                oamGfxPtrToOffset
 .text.oamSet   0x00000000020039e4      0x104 /opt/devkitpro/libnds/lib/libnds9.a(sprite.o)
                0x00000000020039e4                oamSet
 .text.oamUpdate
                0x0000000002003ae8       0x60 /opt/devkitpro/libnds/lib/libnds9.a(sprite.o)
                0x0000000002003ae8                oamUpdate
 .text.initSystem
                0x0000000002003b48      0x180 /opt/devkitpro/libnds/lib/libnds9.a(initSystem.o)
                0x0000000002003b48                initSystem
 .text.irqDummy
                0x0000000002003cc8        0x4 /opt/devkitpro/libnds/lib/libnds9.a(interrupts.o)
                0x0000000002003cc8                irqDummy
 .text.irqSet   0x0000000002003ccc       0x6c /opt/devkitpro/libnds/lib/libnds9.a(interrupts.o)
                0x0000000002003ccc                irqSet
 .text.irqInit  0x0000000002003d38       0x50 /opt/devkitpro/libnds/lib/libnds9.a(interrupts.o)
                0x0000000002003d38                irqInit
 .text.irqEnable
                0x0000000002003d88       0x64 /opt/devkitpro/libnds/lib/libnds9.a(interrupts.o)
                0x0000000002003d88                irqEnable
 .text.systemErrorExit
                0x0000000002003dec        0x4 /opt/devkitpro/libnds/lib/libnds9.a(libnds_exit.arm.o)
                0x0000000002003dec                systemErrorExit
 .text.__libnds_exit
                0x0000000002003df0       0x5c /opt/devkitpro/libnds/lib/libnds9.a(libnds_exit.arm.o)
                0x0000000002003df0                __libnds_exit
 .text.fifo_queueBlock
                0x0000000002003e4c       0x44 /opt/devkitpro/libnds/lib/libnds9.a(fifosystem.o)
 .text.fifo_waitBlock
                0x0000000002003e90       0x80 /opt/devkitpro/libnds/lib/libnds9.a(fifosystem.o)
 .text.fifoInternalSend.part.0
                0x0000000002003f10       0xd4 /opt/devkitpro/libnds/lib/libnds9.a(fifosystem.o)
 .text.fifoInternalSendInterrupt
                0x0000000002003fe4       0xb0 /opt/devkitpro/libnds/lib/libnds9.a(fifosystem.o)
 .text.fifoSetValue32Handler
                0x0000000002004094       0xd4 /opt/devkitpro/libnds/lib/libnds9.a(fifosystem.o)
                0x0000000002004094                fifoSetValue32Handler
 .text.fifoSendValue32
                0x0000000002004168       0x4c /opt/devkitpro/libnds/lib/libnds9.a(fifosystem.o)
                0x0000000002004168                fifoSendValue32
 .text.fifoGetDatamsg
                0x00000000020041b4       0xf4 /opt/devkitpro/libnds/lib/libnds9.a(fifosystem.o)
                0x00000000020041b4                fifoGetDatamsg
 .text.fifoInternalRecvInterrupt
                0x00000000020042a8      0x37c /opt/devkitpro/libnds/lib/libnds9.a(fifosystem.o)
 .text.fifoSetDatamsgHandler
                0x0000000002004624       0x9c /opt/devkitpro/libnds/lib/libnds9.a(fifosystem.o)
                0x0000000002004624                fifoSetDatamsgHandler
 .text.fifoInit
                0x00000000020046c0      0x108 /opt/devkitpro/libnds/lib/libnds9.a(fifosystem.o)
                0x00000000020046c0                fifoInit
 .text.DC_FlushRange
                0x00000000020047c8       0x24 /opt/devkitpro/libnds/lib/libnds9.a(dcache.o)
                0x00000000020047c8                DC_FlushRange
 .text.__libnds_mpu_setup
                0x00000000020047ec      0x174 /opt/devkitpro/libnds/lib/libnds9.a(mpu_setup.o)
                0x00000000020047ec                __libnds_mpu_setup
 .text.memUncached
                0x0000000002004960       0x20 /opt/devkitpro/libnds/lib/libnds9.a(mpu_setup.o)
                0x0000000002004960                memUncached
 .text.swiWaitForVBlank
                0x0000000002004980        0x8 /opt/devkitpro/libnds/lib/libnds9.a(IntrWait.o)
                0x0000000002004980                swiWaitForVBlank
 .text.swiIntrWait
                0x0000000002004988       0x70 /opt/devkitpro/libnds/lib/libnds9.a(IntrWait.o)
                0x0000000002004988                swiIntrWait
 .text.setCpuClock
                0x00000000020049f8       0x50 /opt/devkitpro/libnds/lib/libnds9.a(cpu_clock.o)
                0x00000000020049f8                setCpuClock
 .text.swiDelay
                0x0000000002004a48        0x4 /opt/devkitpro/libnds/lib/libnds9.a(biosCalls.o)
                0x0000000002004a48                swiDelay
 .text.swiSoftReset
                0x0000000002004a4c       0x2c /opt/devkitpro/libnds/lib/libnds9.a(swiSoftReset.o)
                0x0000000002004a4c                swiSoftReset
 .text.checkIfText
                0x0000000002004a78       0x5c /opt/devkitpro/libnds/lib/libnds9.a(background.o)
                0x0000000002004a78                checkIfText
 .text.bgUpdate
                0x0000000002004ad4       0xf4 /opt/devkitpro/libnds/lib/libnds9.a(background.o)
                0x0000000002004ad4                bgUpdate
 .text.bgInit_call
                0x0000000002004bc8       0xc4 /opt/devkitpro/libnds/lib/libnds9.a(background.o)
                0x0000000002004bc8                bgInit_call
 .text.bgInitSub_call
                0x0000000002004c8c       0xcc /opt/devkitpro/libnds/lib/libnds9.a(background.o)
                0x0000000002004c8c                bgInitSub_call
 .text.sinLutLookup
                0x0000000002004d58       0x4c /opt/devkitpro/libnds/lib/libnds9.a(trig.o)
                0x0000000002004d58                sinLutLookup
 .text.sinLerp  0x0000000002004da4       0x40 /opt/devkitpro/libnds/lib/libnds9.a(trig.o)
                0x0000000002004da4                sinLerp
 .text.cosLerp  0x0000000002004de4       0x4c /opt/devkitpro/libnds/lib/libnds9.a(trig.o)
                0x0000000002004de4                cosLerp
 .text.__libc_init_array
                0x0000000002004e30       0x50 /opt/devkitpro/devkitARM/bin/../lib/gcc/arm-none-eabi/11.2.0/../../../../arm-none-eabi/lib/thumb/libg.a(lib_a-init.o)
                0x0000000002004e30                __libc_init_array
 .text.iprintf  0x0000000002004e80       0x24 /opt/devkitpro/devkitARM/bin/../lib/gcc/arm-none-eabi/11.2.0/../../../../arm-none-eabi/lib/thumb/libg.a(lib_a-iprintf.o)
                0x0000000002004e80                iprintf
 .text.malloc   0x0000000002004ea4       0x14 /opt/devkitpro/devkitARM/bin/../lib/gcc/arm-none-eabi/11.2.0/../../../../arm-none-eabi/lib/thumb/libg.a(lib_a-malloc.o)
                0x0000000002004ea4                malloc
 .text.free     0x0000000002004eb8       0x14 /opt/devkitpro/devkitARM/bin/../lib/gcc/arm-none-eabi/11.2.0/../../../../arm-none-eabi/lib/thumb/libg.a(lib_a-malloc.o)
                0x0000000002004eb8                free
 .text._malloc_r
                0x0000000002004ecc      0x58c /opt/devkitpro/devkitARM/bin/../lib/gcc/arm-none-eabi/11.2.0/../../../../arm-none-eabi/lib/thumb/libg.a(lib_a-mallocr.o)
                0x0000000002004ecc                _malloc_r
 .text.memcpy   0x0000000002005458       0xa8 /opt/devkitpro/devkitARM/bin/../lib/gcc/arm-none-eabi/11.2.0/../../../../arm-none-eabi/lib/thumb/libg.a(lib_a-memcpy-stub.o)
                0x0000000002005458                memcpy
 .text.memset   0x0000000002005500       0xb0 /opt/devkitpro/devkitARM/bin/../lib/gcc/arm-none-eabi/11.2.0/../../../../arm-none-eabi/lib/thumb/libg.a(lib_a-memset.o)
                0x0000000002005500                memset
 .text.__malloc_lock
                0x00000000020055b0       0x14 /opt/devkitpro/devkitARM/bin/../lib/gcc/arm-none-eabi/11.2.0/../../../../arm-none-eabi/lib/thumb/libg.a(lib_a-mlock.o)
                0x00000000020055b0                __malloc_lock
 .text.__malloc_unlock
                0x00000000020055c4       0x14 /opt/devkitpro/devkitARM/bin/../lib/gcc/arm-none-eabi/11.2.0/../../../../arm-none-eabi/lib/thumb/libg.a(lib_a-mlock.o)
                0x00000000020055c4                __malloc_unlock
 .text.realloc  0x00000000020055d8       0x18 /opt/devkitpro/devkitARM/bin/../lib/gcc/arm-none-eabi/11.2.0/../../../../arm-none-eabi/lib/thumb/libg.a(lib_a-realloc.o)
                0x00000000020055d8                realloc
 .text._realloc_r
                0x00000000020055f0      0x380 /opt/devkitpro/devkitARM/bin/../lib/gcc/arm-none-eabi/11.2.0/../../../../arm-none-eabi/lib/thumb/libg.a(lib_a-reallocr.o)
                0x00000000020055f0                _realloc_r
 .text.setvbuf  0x0000000002005970      0x1ac /opt/devkitpro/devkitARM/bin/../lib/gcc/arm-none-eabi/11.2.0/../../../../arm-none-eabi/lib/thumb/libg.a(lib_a-setvbuf.o)
                0x0000000002005970                setvbuf
 .text.siscanf  0x0000000002005b1c       0x4c /opt/devkitpro/devkitARM/bin/../lib/gcc/arm-none-eabi/11.2.0/../../../../arm-none-eabi/lib/thumb/libg.a(lib_a-siscanf.o)
                0x0000000002005b1c                siscanf
 .text.__sread  0x0000000002005b68       0x34 /opt/devkitpro/devkitARM/bin/../lib/gcc/arm-none-eabi/11.2.0/../../../../arm-none-eabi/lib/thumb/libg.a(lib_a-stdio.o)
                0x0000000002005b68                __sread
 .text.__seofread
                0x0000000002005b9c        0x4 /opt/devkitpro/devkitARM/bin/../lib/gcc/arm-none-eabi/11.2.0/../../../../arm-none-eabi/lib/thumb/libg.a(lib_a-stdio.o)
                0x0000000002005b9c                __seofread
 .text.__swrite
                0x0000000002005ba0       0x4c /opt/devkitpro/devkitARM/bin/../lib/gcc/arm-none-eabi/11.2.0/../../../../arm-none-eabi/lib/thumb/libg.a(lib_a-stdio.o)
                0x0000000002005ba0                __swrite
 .text.__sseek  0x0000000002005bec       0x40 /opt/devkitpro/devkitARM/bin/../lib/gcc/arm-none-eabi/11.2.0/../../../../arm-none-eabi/lib/thumb/libg.a(lib_a-stdio.o)
                0x0000000002005bec                __sseek
 .text.__sclose
                0x0000000002005c2c       0x10 /opt/devkitpro/devkitARM/bin/../lib/gcc/arm-none-eabi/11.2.0/../../../../arm-none-eabi/lib/thumb/libg.a(lib_a-stdio.o)
                0x0000000002005c2c                __sclose
 .text.strlen   0x0000000002005c3c       0x60 /opt/devkitpro/devkitARM/bin/../lib/gcc/arm-none-eabi/11.2.0/../../../../arm-none-eabi/lib/thumb/libg.a(lib_a-strlen-stub.o)
                0x0000000002005c3c                strlen
 .text.get_arg  0x0000000002005c9c       0x32 /opt/devkitpro/devkitARM/bin/../lib/gcc/arm-none-eabi/11.2.0/../../../../arm-none-eabi/lib/thumb/libg.a(lib_a-svfiscanf.o)
 .text._sungetc_r
                0x0000000002005cce       0x7e /opt/devkitpro/devkitARM/bin/../lib/gcc/arm-none-eabi/11.2.0/../../../../arm-none-eabi/lib/thumb/libg.a(lib_a-svfiscanf.o)
                0x0000000002005cce                _sungetc_r
 .text.__ssrefill_r
                0x0000000002005d4c       0x42 /opt/devkitpro/devkitARM/bin/../lib/gcc/arm-none-eabi/11.2.0/../../../../arm-none-eabi/lib/thumb/libg.a(lib_a-svfiscanf.o)
                0x0000000002005d4c                __ssrefill_r
 .text._sfread_r
                0x0000000002005d8e       0x88 /opt/devkitpro/devkitARM/bin/../lib/gcc/arm-none-eabi/11.2.0/../../../../arm-none-eabi/lib/thumb/libg.a(lib_a-svfiscanf.o)
                0x0000000002005d8e                _sfread_r
 *fill*         0x0000000002005e16        0x2 ff
 .text.__ssvfiscanf_r
                0x0000000002005e18     0x1a04 /opt/devkitpro/devkitARM/bin/../lib/gcc/arm-none-eabi/11.2.0/../../../../arm-none-eabi/lib/thumb/libg.a(lib_a-svfiscanf.o)
                0x0000000002005e18                __ssvfiscanf_r
 .text.__submore
                0x000000000200781c       0x88 /opt/devkitpro/devkitARM/bin/../lib/gcc/arm-none-eabi/11.2.0/../../../../arm-none-eabi/lib/thumb/libg.a(lib_a-ungetc.o)
                0x000000000200781c                __submore
 .text.get_arg  0x00000000020078a4      0x400 /opt/devkitpro/devkitARM/bin/../lib/gcc/arm-none-eabi/11.2.0/../../../../arm-none-eabi/lib/thumb/libg.a(lib_a-vfiprintf.o)
 .text.__sprint_r
                0x0000000002007ca4       0x24 /opt/devkitpro/devkitARM/bin/../lib/gcc/arm-none-eabi/11.2.0/../../../../arm-none-eabi/lib/thumb/libg.a(lib_a-vfiprintf.o)
                0x0000000002007ca4                __sprint_r
 .text._vfiprintf_r
                0x0000000002007cc8     0x1710 /opt/devkitpro/devkitARM/bin/../lib/gcc/arm-none-eabi/11.2.0/../../../../arm-none-eabi/lib/thumb/libg.a(lib_a-vfiprintf.o)
                0x0000000002007cc8                _vfiprintf_r
 .text.__sbprintf
                0x00000000020093d8       0x8c /opt/devkitpro/devkitARM/bin/../lib/gcc/arm-none-eabi/11.2.0/../../../../arm-none-eabi/lib/thumb/libg.a(lib_a-vfiprintf.o)
 .text._wcrtomb_r
                0x0000000002009464       0x5c /opt/devkitpro/devkitARM/bin/../lib/gcc/arm-none-eabi/11.2.0/../../../../arm-none-eabi/lib/thumb/libg.a(lib_a-wcrtomb.o)
                0x0000000002009464                _wcrtomb_r
 .text._wcsrtombs_r
                0x00000000020094c0       0x1c /opt/devkitpro/devkitARM/bin/../lib/gcc/arm-none-eabi/11.2.0/../../../../arm-none-eabi/lib/thumb/libg.a(lib_a-wcsrtombs.o)
                0x00000000020094c0                _wcsrtombs_r
 .text.__swsetup_r
                0x00000000020094dc       0xe4 /opt/devkitpro/devkitARM/bin/../lib/gcc/arm-none-eabi/11.2.0/../../../../arm-none-eabi/lib/thumb/libg.a(lib_a-wsetup.o)
                0x00000000020094dc                __swsetup_r
 .text.__sflush_r
                0x00000000020095c0      0x1c0 /opt/devkitpro/devkitARM/bin/../lib/gcc/arm-none-eabi/11.2.0/../../../../arm-none-eabi/lib/thumb/libg.a(lib_a-fflush.o)
                0x00000000020095c0                __sflush_r
 .text._fflush_r
                0x0000000002009780       0x70 /opt/devkitpro/devkitARM/bin/../lib/gcc/arm-none-eabi/11.2.0/../../../../arm-none-eabi/lib/thumb/libg.a(lib_a-fflush.o)
                0x0000000002009780                _fflush_r
 .text._cleanup_r
                0x00000000020097f0       0x14 /opt/devkitpro/devkitARM/bin/../lib/gcc/arm-none-eabi/11.2.0/../../../../arm-none-eabi/lib/thumb/libg.a(lib_a-findfp.o)
                0x00000000020097f0                _cleanup_r
 .text.__sinit  0x0000000002009804      0x124 /opt/devkitpro/devkitARM/bin/../lib/gcc/arm-none-eabi/11.2.0/../../../../arm-none-eabi/lib/thumb/libg.a(lib_a-findfp.o)
                0x0000000002009804                __sinit
 .text.__sfp_lock_acquire
                0x0000000002009928       0x14 /opt/devkitpro/devkitARM/bin/../lib/gcc/arm-none-eabi/11.2.0/../../../../arm-none-eabi/lib/thumb/libg.a(lib_a-findfp.o)
                0x0000000002009928                __sfp_lock_acquire
 .text.__sfp_lock_release
                0x000000000200993c       0x14 /opt/devkitpro/devkitARM/bin/../lib/gcc/arm-none-eabi/11.2.0/../../../../arm-none-eabi/lib/thumb/libg.a(lib_a-findfp.o)
                0x000000000200993c                __sfp_lock_release
 .text._malloc_trim_r
                0x0000000002009950       0xa0 /opt/devkitpro/devkitARM/bin/../lib/gcc/arm-none-eabi/11.2.0/../../../../arm-none-eabi/lib/thumb/libg.a(lib_a-freer.o)
                0x0000000002009950                _malloc_trim_r
 .text._free_r  0x00000000020099f0      0x1d8 /opt/devkitpro/devkitARM/bin/../lib/gcc/arm-none-eabi/11.2.0/../../../../arm-none-eabi/lib/thumb/libg.a(lib_a-freer.o)
                0x00000000020099f0                _free_r
 .text.__sfvwrite_r
                0x0000000002009bc8      0x34c /opt/devkitpro/devkitARM/bin/../lib/gcc/arm-none-eabi/11.2.0/../../../../arm-none-eabi/lib/thumb/libg.a(lib_a-fvwrite.o)
                0x0000000002009bc8                __sfvwrite_r
 .text._fwalk_reent
                0x0000000002009f14       0x50 /opt/devkitpro/devkitARM/bin/../lib/gcc/arm-none-eabi/11.2.0/../../../../arm-none-eabi/lib/thumb/libg.a(lib_a-fwalk.o)
                0x0000000002009f14                _fwalk_reent
 .text.iswspace
                0x0000000002009f64       0x10 /opt/devkitpro/devkitARM/bin/../lib/gcc/arm-none-eabi/11.2.0/../../../../arm-none-eabi/lib/thumb/libg.a(lib_a-iswspace.o)
                0x0000000002009f64                iswspace
 .text._localeconv_r
                0x0000000002009f74        0x8 /opt/devkitpro/devkitARM/bin/../lib/gcc/arm-none-eabi/11.2.0/../../../../arm-none-eabi/lib/thumb/libg.a(lib_a-localeconv.o)
                0x0000000002009f74                _localeconv_r
 .text.__locale_mb_cur_max
                0x0000000002009f7c       0x10 /opt/devkitpro/devkitARM/bin/../lib/gcc/arm-none-eabi/11.2.0/../../../../arm-none-eabi/lib/thumb/libg.a(lib_a-locale.o)
                0x0000000002009f7c                __locale_mb_cur_max
 .text.__smakebuf_r
                0x0000000002009f8c       0xec /opt/devkitpro/devkitARM/bin/../lib/gcc/arm-none-eabi/11.2.0/../../../../arm-none-eabi/lib/thumb/libg.a(lib_a-makebuf.o)
                0x0000000002009f8c                __smakebuf_r
 .text.__swhatbuf_r
                0x000000000200a078       0x5c /opt/devkitpro/devkitARM/bin/../lib/gcc/arm-none-eabi/11.2.0/../../../../arm-none-eabi/lib/thumb/libg.a(lib_a-makebuf.o)
                0x000000000200a078                __swhatbuf_r
 .text._mbrtowc_r
                0x000000000200a0d4       0x60 /opt/devkitpro/devkitARM/bin/../lib/gcc/arm-none-eabi/11.2.0/../../../../arm-none-eabi/lib/thumb/libg.a(lib_a-mbrtowc.o)
                0x000000000200a0d4                _mbrtowc_r
 .text.__utf8_mbtowc
                0x000000000200a134      0x294 /opt/devkitpro/devkitARM/bin/../lib/gcc/arm-none-eabi/11.2.0/../../../../arm-none-eabi/lib/thumb/libg.a(lib_a-mbtowc_r.o)
                0x000000000200a134                __utf8_mbtowc
 .text.memchr   0x000000000200a3c8       0x78 /opt/devkitpro/devkitARM/bin/../lib/gcc/arm-none-eabi/11.2.0/../../../../arm-none-eabi/lib/thumb/libg.a(lib_a-memchr-stub.o)
                0x000000000200a3c8                memchr
 .text.memmove  0x000000000200a440       0xbc /opt/devkitpro/devkitARM/bin/../lib/gcc/arm-none-eabi/11.2.0/../../../../arm-none-eabi/lib/thumb/libg.a(lib_a-memmove.o)
                0x000000000200a440                memmove
 .text.__sccl   0x000000000200a4fc       0x90 /opt/devkitpro/devkitARM/bin/../lib/gcc/arm-none-eabi/11.2.0/../../../../arm-none-eabi/lib/thumb/libg.a(lib_a-sccl.o)
                0x000000000200a4fc                __sccl
 .text.strncpy  0x000000000200a58c       0x74 /opt/devkitpro/devkitARM/bin/../lib/gcc/arm-none-eabi/11.2.0/../../../../arm-none-eabi/lib/thumb/libg.a(lib_a-strncpy.o)
                0x000000000200a58c                strncpy
 .text._strtoll_l.constprop.0
                0x000000000200a600      0x1a4 /opt/devkitpro/devkitARM/bin/../lib/gcc/arm-none-eabi/11.2.0/../../../../arm-none-eabi/lib/thumb/libg.a(lib_a-strtoll.o)
 .text._strtoll_r
                0x000000000200a7a4        0xc /opt/devkitpro/devkitARM/bin/../lib/gcc/arm-none-eabi/11.2.0/../../../../arm-none-eabi/lib/thumb/libg.a(lib_a-strtoll.o)
                0x000000000200a7a4                _strtoll_r
 .text._strtol_l.part.0
                0x000000000200a7b0      0x144 /opt/devkitpro/devkitARM/bin/../lib/gcc/arm-none-eabi/11.2.0/../../../../arm-none-eabi/lib/thumb/libg.a(lib_a-strtol.o)
 .text._strtol_r
                0x000000000200a8f4       0x20 /opt/devkitpro/devkitARM/bin/../lib/gcc/arm-none-eabi/11.2.0/../../../../arm-none-eabi/lib/thumb/libg.a(lib_a-strtol.o)
                0x000000000200a8f4                _strtol_r
 .text._strtoull_l.constprop.0
                0x000000000200a914      0x1c0 /opt/devkitpro/devkitARM/bin/../lib/gcc/arm-none-eabi/11.2.0/../../../../arm-none-eabi/lib/thumb/libg.a(lib_a-strtoull.o)
 .text._strtoull_r
                0x000000000200aad4        0xc /opt/devkitpro/devkitARM/bin/../lib/gcc/arm-none-eabi/11.2.0/../../../../arm-none-eabi/lib/thumb/libg.a(lib_a-strtoull.o)
                0x000000000200aad4                _strtoull_r
 .text._strtoul_l.constprop.0
                0x000000000200aae0      0x148 /opt/devkitpro/devkitARM/bin/../lib/gcc/arm-none-eabi/11.2.0/../../../../arm-none-eabi/lib/thumb/libg.a(lib_a-strtoul.o)
 .text._strtoul_r
                0x000000000200ac28        0xc /opt/devkitpro/devkitARM/bin/../lib/gcc/arm-none-eabi/11.2.0/../../../../arm-none-eabi/lib/thumb/libg.a(lib_a-strtoul.o)
                0x000000000200ac28                _strtoul_r
 .text._wcsnrtombs_l
                0x000000000200ac34      0x110 /opt/devkitpro/devkitARM/bin/../lib/gcc/arm-none-eabi/11.2.0/../../../../arm-none-eabi/lib/thumb/libg.a(lib_a-wcsnrtombs.o)
                0x000000000200ac34                _wcsnrtombs_l
 .text._wcsnrtombs_r
                0x000000000200ad44       0x30 /opt/devkitpro/devkitARM/bin/../lib/gcc/arm-none-eabi/11.2.0/../../../../arm-none-eabi/lib/thumb/libg.a(lib_a-wcsnrtombs.o)
                0x000000000200ad44                _wcsnrtombs_r
 .text.__utf8_wctomb
                0x000000000200ad74       0xb4 /opt/devkitpro/devkitARM/bin/../lib/gcc/arm-none-eabi/11.2.0/../../../../arm-none-eabi/lib/thumb/libg.a(lib_a-wctomb_r.o)
                0x000000000200ad74                __utf8_wctomb
 .text.__errno  0x000000000200ae28        0xc /opt/devkitpro/devkitARM/bin/../lib/gcc/arm-none-eabi/11.2.0/../../../../arm-none-eabi/lib/thumb/libg.a(lib_a-errno.o)
                0x000000000200ae28                __errno
 .text._fclose_r
                0x000000000200ae34       0xe8 /opt/devkitpro/devkitARM/bin/../lib/gcc/arm-none-eabi/11.2.0/../../../../arm-none-eabi/lib/thumb/libg.a(lib_a-fclose.o)
                0x000000000200ae34                _fclose_r
 .text.iswspace_l
                0x000000000200af1c       0x2c /opt/devkitpro/devkitARM/bin/../lib/gcc/arm-none-eabi/11.2.0/../../../../arm-none-eabi/lib/thumb/libg.a(lib_a-iswspace_l.o)
                0x000000000200af1c                iswspace_l
 .text.__jp2uc  0x000000000200af48      0x154 /opt/devkitpro/devkitARM/bin/../lib/gcc/arm-none-eabi/11.2.0/../../../../arm-none-eabi/lib/thumb/libg.a(lib_a-jp2uc.o)
 .text._jp2uc_l
                0x000000000200b09c       0x6c /opt/devkitpro/devkitARM/bin/../lib/gcc/arm-none-eabi/11.2.0/../../../../arm-none-eabi/lib/thumb/libg.a(lib_a-jp2uc.o)
                0x000000000200b09c                _jp2uc_l
 .text.category
                0x000000000200b108       0x54 /opt/devkitpro/devkitARM/bin/../lib/gcc/arm-none-eabi/11.2.0/../../../../arm-none-eabi/lib/thumb/libg.a(lib_a-categories.o)
                0x000000000200b108                category
 .text.null_write
                0x000000000200b15c        0x4 /opt/devkitpro/devkitARM/bin/../lib/gcc/arm-none-eabi/11.2.0/../../../../arm-none-eabi/lib/thumb/libsysbase.a(iosupport.o)
 .text._fstat_r
                0x000000000200b160       0x4c /opt/devkitpro/devkitARM/bin/../lib/gcc/arm-none-eabi/11.2.0/../../../../arm-none-eabi/lib/thumb/libsysbase.a(fstat.o)
                0x000000000200b160                _fstat_r
 .text._isatty_r
                0x000000000200b1ac        0x4 /opt/devkitpro/devkitARM/bin/../lib/gcc/arm-none-eabi/11.2.0/../../../../arm-none-eabi/lib/thumb/libsysbase.a(isatty.o)
                0x000000000200b1ac                _isatty_r
 .text._lseek_r
                0x000000000200b1b0       0x5c /opt/devkitpro/devkitARM/bin/../lib/gcc/arm-none-eabi/11.2.0/../../../../arm-none-eabi/lib/thumb/libsysbase.a(lseek.o)
                0x000000000200b1b0                _lseek_r
 .text._read_r  0x000000000200b20c       0x50 /opt/devkitpro/devkitARM/bin/../lib/gcc/arm-none-eabi/11.2.0/../../../../arm-none-eabi/lib/thumb/libsysbase.a(read.o)
                0x000000000200b20c                _read_r
 .text._sbrk_r  0x000000000200b25c       0x54 /opt/devkitpro/devkitARM/bin/../lib/gcc/arm-none-eabi/11.2.0/../../../../arm-none-eabi/lib/thumb/libsysbase.a(sbrk.o)
                0x000000000200b25c                _sbrk_r
 .text._write_r
                0x000000000200b2b0       0x50 /opt/devkitpro/devkitARM/bin/../lib/gcc/arm-none-eabi/11.2.0/../../../../arm-none-eabi/lib/thumb/libsysbase.a(write.o)
                0x000000000200b2b0                _write_r
 .text.build_argv
                0x000000000200b300       0x4c /opt/devkitpro/devkitARM/bin/../lib/gcc/arm-none-eabi/11.2.0/../../../../arm-none-eabi/lib/thumb/libsysbase.a(build_argv.o)
                0x000000000200b300                build_argv
 .text.__flockfile
                0x000000000200b34c       0x10 /opt/devkitpro/devkitARM/bin/../lib/gcc/arm-none-eabi/11.2.0/../../../../arm-none-eabi/lib/thumb/libsysbase.a(flock.o)
                0x000000000200b34c                __flockfile
 .text.__funlockfile
                0x000000000200b35c       0x10 /opt/devkitpro/devkitARM/bin/../lib/gcc/arm-none-eabi/11.2.0/../../../../arm-none-eabi/lib/thumb/libsysbase.a(flock.o)
                0x000000000200b35c                __funlockfile
 .text.__get_handle
                0x000000000200b36c       0x34 /opt/devkitpro/devkitARM/bin/../lib/gcc/arm-none-eabi/11.2.0/../../../../arm-none-eabi/lib/thumb/libsysbase.a(handle_manager.o)
                0x000000000200b36c                __get_handle
 .text._close_r
                0x000000000200b3a0       0xb8 /opt/devkitpro/devkitARM/bin/../lib/gcc/arm-none-eabi/11.2.0/../../../../arm-none-eabi/lib/thumb/libsysbase.a(handle_manager.o)
                0x000000000200b3a0                _close_r
 .text.__getreent
                0x000000000200b458       0x20 /opt/devkitpro/devkitARM/bin/../lib/gcc/arm-none-eabi/11.2.0/../../../../arm-none-eabi/lib/thumb/libsysbase.a(getreent.o)
                0x000000000200b458                __getreent
 .text.__libc_lock_acquire
                0x000000000200b478       0x18 /opt/devkitpro/devkitARM/bin/../lib/gcc/arm-none-eabi/11.2.0/../../../../arm-none-eabi/lib/thumb/libsysbase.a(syscall_support.o)
                0x000000000200b478                __libc_lock_acquire
 .text.__libc_lock_release
                0x000000000200b490       0x18 /opt/devkitpro/devkitARM/bin/../lib/gcc/arm-none-eabi/11.2.0/../../../../arm-none-eabi/lib/thumb/libsysbase.a(syscall_support.o)
                0x000000000200b490                __libc_lock_release
 .text.__libc_lock_init_recursive
                0x000000000200b4a8       0x18 /opt/devkitpro/devkitARM/bin/../lib/gcc/arm-none-eabi/11.2.0/../../../../arm-none-eabi/lib/thumb/libsysbase.a(syscall_support.o)
                0x000000000200b4a8                __libc_lock_init_recursive
 .text.__libc_lock_acquire_recursive
                0x000000000200b4c0       0x18 /opt/devkitpro/devkitARM/bin/../lib/gcc/arm-none-eabi/11.2.0/../../../../arm-none-eabi/lib/thumb/libsysbase.a(syscall_support.o)
                0x000000000200b4c0                __libc_lock_acquire_recursive
 .text.__libc_lock_release_recursive
                0x000000000200b4d8       0x18 /opt/devkitpro/devkitARM/bin/../lib/gcc/arm-none-eabi/11.2.0/../../../../arm-none-eabi/lib/thumb/libsysbase.a(syscall_support.o)
                0x000000000200b4d8                __libc_lock_release_recursive
 .text.__libc_lock_close_recursive
                0x000000000200b4f0       0x18 /opt/devkitpro/devkitARM/bin/../lib/gcc/arm-none-eabi/11.2.0/../../../../arm-none-eabi/lib/thumb/libsysbase.a(syscall_support.o)
                0x000000000200b4f0                __libc_lock_close_recursive
 .text.__muldi3
                0x000000000200b508       0x54 /opt/devkitpro/devkitARM/bin/../lib/gcc/arm-none-eabi/11.2.0/thumb/libgcc.a(_muldi3.o)
                0x000000000200b508                __aeabi_lmul
                0x000000000200b508                __muldi3
 .text.__udivmoddi4
                0x000000000200b55c      0x19c /opt/devkitpro/devkitARM/bin/../lib/gcc/arm-none-eabi/11.2.0/thumb/libgcc.a(_udivmoddi4.o)
                0x000000000200b55c                __udivmoddi4
 .text.__udivmoddi4.__stub
                0x000000000200b6f8       0x98 linker stubs
 *(EXCLUDE_FILE(*.twl*) .gnu.warning)
 *(EXCLUDE_FILE(*.twl*) .gnu.linkonce.t*)
 *(.glue_7)
 .glue_7        0x000000000200b7a0        0x0 linker stubs
 *(.glue_7t)
 .glue_7t       0x000000000200b7a0        0x0 linker stubs
                0x000000000200b7a0                . = ALIGN (0x4)

.vfp11_veneer   0x000000000200b7a0        0x0
 .vfp11_veneer  0x000000000200b7a0        0x0 linker stubs

.v4_bx          0x000000000200b7a0        0x0
 .v4_bx         0x000000000200b7a0        0x0 linker stubs

.iplt           0x000000000200b7a0        0x0
 .iplt          0x000000000200b7a0        0x0 /opt/devkitpro/devkitARM/bin/../lib/gcc/arm-none-eabi/11.2.0/../../../../arm-none-eabi/lib/thumb/ds_arm9_crt0.o

.fini           0x000000000200b7a0        0xc
 *(.fini)
 .fini          0x000000000200b7a0        0x4 /opt/devkitpro/devkitARM/bin/../lib/gcc/arm-none-eabi/11.2.0/thumb/crti.o
                0x000000000200b7a0                _fini
 .fini          0x000000000200b7a4        0x8 /opt/devkitpro/devkitARM/bin/../lib/gcc/arm-none-eabi/11.2.0/thumb/crtn.o
                0x000000000200b7ac                __text_end = .

.rodata         0x000000000200b7ac    0xc8ef8
 *(EXCLUDE_FILE(*.twl*) .rodata)
 .rodata        0x000000000200b7ac    0x18000 Fondo00.o
                0x000000000200b7ac                Fondo00Bitmap
 .rodata        0x00000000020237ac    0x18000 Fondo01.o
                0x00000000020237ac                Fondo01Bitmap
 .rodata        0x000000000203b7ac    0x18000 Fondo02.o
                0x000000000203b7ac                Fondo02Bitmap
 .rodata        0x00000000020537ac    0x18000 Fondo03.o
                0x00000000020537ac                Fondo03Bitmap
 .rodata        0x000000000206b7ac    0x18000 Fondo04.o
                0x000000000206b7ac                Fondo04Bitmap
 .rodata        0x00000000020837ac    0x18000 Intro.o
                0x00000000020837ac                IntroBitmap
 .rodata        0x000000000209b7ac    0x18000 Menu2.o
                0x000000000209b7ac                Menu2Bitmap
 .rodata        0x00000000020b37ac    0x18000 Menu.o
                0x00000000020b37ac                MenuBitmap
 *all.rodata*(*)
 *(EXCLUDE_FILE(*.twl*) .roda)
 *(EXCLUDE_FILE(*.twl*) .rodata.*)
 .rodata.str1.4
                0x00000000020cb7ac      0x12f juego.o
 *fill*         0x00000000020cb8db        0x1 ff
 .rodata.str1.4
                0x00000000020cb8dc       0x3f rutinasAtencion.o
 *fill*         0x00000000020cb91b        0x1 ff
 .rodata.con_write.str1.4
                0x00000000020cb91c       0x30 /opt/devkitpro/libnds/lib/libnds9.a(console.o)
 .rodata.con_write
                0x00000000020cb94c       0xd4 /opt/devkitpro/libnds/lib/libnds9.a(console.o)
 .rodata.consoleClear.str1.4
                0x00000000020cba20        0x5 /opt/devkitpro/libnds/lib/libnds9.a(console.o)
 *fill*         0x00000000020cba25        0x3 ff
 .rodata.str1.4
                0x00000000020cba28       0x14 /opt/devkitpro/libnds/lib/libnds9.a(console.o)
 .rodata.dotab_stdout
                0x00000000020cba3c       0x70 /opt/devkitpro/libnds/lib/libnds9.a(console.o)
 .rodata.default_font_bin
                0x00000000020cbaac     0x2000 /opt/devkitpro/libnds/lib/libnds9.a(default_font.bin.o)
                0x00000000020cbaac                default_font_bin
                0x00000000020cdaac                default_font_bin_end
 .rodata.SIN_LUT
                0x00000000020cdaac      0x102 /opt/devkitpro/libnds/lib/libnds9.a(trig.o)
                0x00000000020cdaac                SIN_LUT
 *fill*         0x00000000020cdbae        0x2 ff
 .rodata.basefix.0
                0x00000000020cdbb0       0x22 /opt/devkitpro/devkitARM/bin/../lib/gcc/arm-none-eabi/11.2.0/../../../../arm-none-eabi/lib/thumb/libg.a(lib_a-svfiscanf.o)
 .rodata._vfiprintf_r.str1.1
                0x00000000020cdbd2       0x29 /opt/devkitpro/devkitARM/bin/../lib/gcc/arm-none-eabi/11.2.0/../../../../arm-none-eabi/lib/thumb/libg.a(lib_a-vfiprintf.o)
 *fill*         0x00000000020cdbfb        0x1 ff
 .rodata.blanks.1
                0x00000000020cdbfc       0x10 /opt/devkitpro/devkitARM/bin/../lib/gcc/arm-none-eabi/11.2.0/../../../../arm-none-eabi/lib/thumb/libg.a(lib_a-vfiprintf.o)
 .rodata.zeroes.0
                0x00000000020cdc0c       0x10 /opt/devkitpro/devkitARM/bin/../lib/gcc/arm-none-eabi/11.2.0/../../../../arm-none-eabi/lib/thumb/libg.a(lib_a-vfiprintf.o)
 .rodata._ctype_
                0x00000000020cdc1c      0x101 /opt/devkitpro/devkitARM/bin/../lib/gcc/arm-none-eabi/11.2.0/../../../../arm-none-eabi/lib/thumb/libg.a(lib_a-ctype_.o)
                0x00000000020cdc1c                _ctype_
 *fill*         0x00000000020cdd1d        0x3 ff
 .rodata.str1.4
                0x00000000020cdd20       0x48 /opt/devkitpro/devkitARM/bin/../lib/gcc/arm-none-eabi/11.2.0/../../../../arm-none-eabi/lib/thumb/libg.a(lib_a-locale.o)
                                         0x4c (size before relaxing)
 .rodata._mbrtowc_r.str1.4
                0x00000000020cdd68        0x1 /opt/devkitpro/devkitARM/bin/../lib/gcc/arm-none-eabi/11.2.0/../../../../arm-none-eabi/lib/thumb/libg.a(lib_a-mbrtowc.o)
 .rodata.__action_table
                0x00000000020cdd68       0x6c /opt/devkitpro/devkitARM/bin/../lib/gcc/arm-none-eabi/11.2.0/../../../../arm-none-eabi/lib/thumb/libg.a(lib_a-svfiprintf.o)
                0x00000000020cdd68                __action_table
 .rodata.__chclass
                0x00000000020cddd4      0x100 /opt/devkitpro/devkitARM/bin/../lib/gcc/arm-none-eabi/11.2.0/../../../../arm-none-eabi/lib/thumb/libg.a(lib_a-svfiprintf.o)
                0x00000000020cddd4                __chclass
 .rodata.__state_table
                0x00000000020cded4       0x6c /opt/devkitpro/devkitARM/bin/../lib/gcc/arm-none-eabi/11.2.0/../../../../arm-none-eabi/lib/thumb/libg.a(lib_a-svfiprintf.o)
                0x00000000020cded4                __state_table
 .rodata.__jp2uc
                0x00000000020cdf40       0x20 /opt/devkitpro/devkitARM/bin/../lib/gcc/arm-none-eabi/11.2.0/../../../../arm-none-eabi/lib/thumb/libg.a(lib_a-jp2uc.o)
 .rodata._jp2uc_l.str1.4
                0x00000000020cdf60       0x12 /opt/devkitpro/devkitARM/bin/../lib/gcc/arm-none-eabi/11.2.0/../../../../arm-none-eabi/lib/thumb/libg.a(lib_a-jp2uc.o)
 *fill*         0x00000000020cdf72        0x2 ff
 .rodata.a1     0x00000000020cdf74       0xbc /opt/devkitpro/devkitARM/bin/../lib/gcc/arm-none-eabi/11.2.0/../../../../arm-none-eabi/lib/thumb/libg.a(lib_a-jp2uc.o)
 .rodata.a2     0x00000000020ce030       0xbc /opt/devkitpro/devkitARM/bin/../lib/gcc/arm-none-eabi/11.2.0/../../../../arm-none-eabi/lib/thumb/libg.a(lib_a-jp2uc.o)
 .rodata.a3     0x00000000020ce0ec       0x5b /opt/devkitpro/devkitARM/bin/../lib/gcc/arm-none-eabi/11.2.0/../../../../arm-none-eabi/lib/thumb/libg.a(lib_a-jp2uc.o)
 *fill*         0x00000000020ce147        0x1 ff
 .rodata.a6     0x00000000020ce148       0x70 /opt/devkitpro/devkitARM/bin/../lib/gcc/arm-none-eabi/11.2.0/../../../../arm-none-eabi/lib/thumb/libg.a(lib_a-jp2uc.o)
 .rodata.a7     0x00000000020ce1b8       0xa2 /opt/devkitpro/devkitARM/bin/../lib/gcc/arm-none-eabi/11.2.0/../../../../arm-none-eabi/lib/thumb/libg.a(lib_a-jp2uc.o)
 *fill*         0x00000000020ce25a        0x2 ff
 .rodata.a8     0x00000000020ce25c       0x40 /opt/devkitpro/devkitARM/bin/../lib/gcc/arm-none-eabi/11.2.0/../../../../arm-none-eabi/lib/thumb/libg.a(lib_a-jp2uc.o)
 .rodata.b02cf  0x00000000020ce29c     0x172a /opt/devkitpro/devkitARM/bin/../lib/gcc/arm-none-eabi/11.2.0/../../../../arm-none-eabi/lib/thumb/libg.a(lib_a-jp2uc.o)
 *fill*         0x00000000020cf9c6        0x2 ff
 .rodata.d02f4  0x00000000020cf9c8     0x1a7c /opt/devkitpro/devkitARM/bin/../lib/gcc/arm-none-eabi/11.2.0/../../../../arm-none-eabi/lib/thumb/libg.a(lib_a-jp2uc.o)
 .rodata.categories
                0x00000000020d1444     0x31e6 /opt/devkitpro/devkitARM/bin/../lib/gcc/arm-none-eabi/11.2.0/../../../../arm-none-eabi/lib/thumb/libg.a(lib_a-categories.o)
 *fill*         0x00000000020d462a        0x2 ff
 .rodata.AddDevice.str1.4
                0x00000000020d462c        0x8 /opt/devkitpro/devkitARM/bin/../lib/gcc/arm-none-eabi/11.2.0/../../../../arm-none-eabi/lib/thumb/libsysbase.a(iosupport.o)
 .rodata.dotab_stdnull
                0x00000000020d4634       0x70 /opt/devkitpro/devkitARM/bin/../lib/gcc/arm-none-eabi/11.2.0/../../../../arm-none-eabi/lib/thumb/libsysbase.a(iosupport.o)
                0x00000000020d4634                dotab_stdnull
 *(EXCLUDE_FILE(*.twl*) .gnu.linkonce.r*)
                0x00000000020d46a4                . = ALIGN (0x4)

.ARM.extab
 *(.ARM.extab* .gnu.linkonce.armextab.*)
                0x00000000020d46a4                __exidx_start = .

ARM.exidx
 *(.ARM.exidx* .gnu.linkonce.armexidx.*)
                0x00000000020d46a4                __exidx_end = .
                0x00000000020d46a4                . = ALIGN (0x4)
                0x00000000020d46a4                PROVIDE (__preinit_array_start = .)

.preinit_array
 *(.preinit_array)
                0x00000000020d46a4                PROVIDE (__preinit_array_end = .)
                0x00000000020d46a4                PROVIDE (__init_array_start = .)

.init_array     0x00000000020d46a4        0x4
 *(SORT_BY_NAME(.init_array.*))
 *(.init_array)
 .init_array    0x00000000020d46a4        0x4 /opt/devkitpro/devkitARM/bin/../lib/gcc/arm-none-eabi/11.2.0/thumb/crtbegin.o
                0x00000000020d46a8                PROVIDE (__init_array_end = .)
                [!provide]                        PROVIDE (__fini_array_start = .)

.fini_array     0x00000000020d46a8        0x4
 *(.fini_array)
 .fini_array    0x00000000020d46a8        0x4 /opt/devkitpro/devkitARM/bin/../lib/gcc/arm-none-eabi/11.2.0/thumb/crtbegin.o
 *(SORT_BY_NAME(.fini_array.*))
                [!provide]                        PROVIDE (__fini_array_end = .)

.ctors          0x00000000020d46ac        0x0
 *crtbegin.o(.ctors)
 *(EXCLUDE_FILE(*crtend.o) .ctors)
 *(SORT_BY_NAME(.ctors.*))
 *(.ctors)
                0x00000000020d46ac                . = ALIGN (0x4)

.dtors          0x00000000020d46ac        0x0
 *crtbegin.o(.dtors)
 *(EXCLUDE_FILE(*crtend.o) .dtors)
 *(SORT_BY_NAME(.dtors.*))
 *(.dtors)
                0x00000000020d46ac                . = ALIGN (0x4)

.eh_frame       0x00000000020d46ac        0x4
 *(.eh_frame)
 .eh_frame      0x00000000020d46ac        0x0 /opt/devkitpro/devkitARM/bin/../lib/gcc/arm-none-eabi/11.2.0/thumb/crtbegin.o
 .eh_frame      0x00000000020d46ac        0x4 /opt/devkitpro/devkitARM/bin/../lib/gcc/arm-none-eabi/11.2.0/thumb/crtend.o
                0x00000000020d46b0                . = ALIGN (0x4)

.rel.dyn        0x00000000020d46b0        0x0
 .rel.iplt      0x00000000020d46b0        0x0 /opt/devkitpro/devkitARM/bin/../lib/gcc/arm-none-eabi/11.2.0/../../../../arm-none-eabi/lib/thumb/ds_arm9_crt0.o

.gcc_except_table
                0x00000000020d46b0        0x0
 *(.gcc_except_table)
                0x00000000020d46b0                . = ALIGN (0x4)

.jcr
 *(.jcr)

.got
 *(.got.plt)
 *(.got)
 *(.rel.got)

.ewram          0x00000000020d46b0        0x0
                0x00000000020d46b0                __ewram_start = ABSOLUTE (.)
 *(.ewram)
 *ewram.*(.text)
                0x00000000020d46b0                . = ALIGN (0x4)

.data           0x00000000020d46b0     0x27e4
                0x00000000020d46b0                __data_start = ABSOLUTE (.)
 *(EXCLUDE_FILE(*.twl*) .data)
 .data          0x00000000020d46b0       0x26 rutinasAtencion.o
                0x00000000020d46b0                yCactus
                0x00000000020d46b4                xCactus
                0x00000000020d46b8                xPajaro
                0x00000000020d46bc                yPajaro
                0x00000000020d46c0                yCactus2
                0x00000000020d46c4                xCactus2
                0x00000000020d46c8                xDino
                0x00000000020d46d0                yDino
 *fill*         0x00000000020d46d6        0x2 ff
 .data          0x00000000020d46d8      0xc00 sprites.o
                0x00000000020d46d8                pajaro_arriba
                0x00000000020d47d8                pajaro_abajo
                0x00000000020d48d8                arbol_4
                0x00000000020d49d8                arbol_3
                0x00000000020d4ad8                arbol_2
                0x00000000020d4bd8                dino_choque
                0x00000000020d4cd8                dino_agachar_dcha
                0x00000000020d4dd8                dino_agachar_izda
                0x00000000020d4ed8                dino_agachar
                0x00000000020d4fd8                dino_dcha
                0x00000000020d50d8                dino_izda
                0x00000000020d51d8                dino
 .data          0x00000000020d52d8       0x28 /opt/devkitpro/libnds/lib/libnds9.a(mpu_setup.o)
 *(EXCLUDE_FILE(*.twl*) .data.*)
 .data.currentConsole
                0x00000000020d5300        0x4 /opt/devkitpro/libnds/lib/libnds9.a(console.o)
                0x00000000020d5300                currentConsole
 .data.defaultConsole
                0x00000000020d5304       0x5c /opt/devkitpro/libnds/lib/libnds9.a(console.o)
                0x00000000020d5304                defaultConsole
 .data.firstConsoleInit.0
                0x00000000020d5360        0x1 /opt/devkitpro/libnds/lib/libnds9.a(console.o)
 *fill*         0x00000000020d5361        0x3 ff
 .data.oamMain  0x00000000020d5364       0x18 /opt/devkitpro/libnds/lib/libnds9.a(sprite.o)
                0x00000000020d5364                oamMain
 .data.oamSub   0x00000000020d537c       0x18 /opt/devkitpro/libnds/lib/libnds9.a(sprite.o)
                0x00000000020d537c                oamSub
 .data.fifo_buffer_free
                0x00000000020d5394        0x4 /opt/devkitpro/libnds/lib/libnds9.a(fifosystem.o)
                0x00000000020d5394                fifo_buffer_free
 .data.fifo_freewords
                0x00000000020d5398        0x4 /opt/devkitpro/libnds/lib/libnds9.a(fifosystem.o)
                0x00000000020d5398                fifo_freewords
 .data.fifo_receive_queue
                0x00000000020d539c        0x4 /opt/devkitpro/libnds/lib/libnds9.a(fifosystem.o)
                0x00000000020d539c                fifo_receive_queue
 .data.fifo_send_queue
                0x00000000020d53a0        0x4 /opt/devkitpro/libnds/lib/libnds9.a(fifosystem.o)
                0x00000000020d53a0                fifo_send_queue
 .data.bgControl
                0x00000000020d53a4       0x20 /opt/devkitpro/libnds/lib/libnds9.a(background.o)
                0x00000000020d53a4                bgControl
 .data.bgScrollTable
                0x00000000020d53c4       0x20 /opt/devkitpro/libnds/lib/libnds9.a(background.o)
                0x00000000020d53c4                bgScrollTable
 .data.bgTransform
                0x00000000020d53e4       0x20 /opt/devkitpro/libnds/lib/libnds9.a(background.o)
                0x00000000020d53e4                bgTransform
 .data.__malloc_av_
                0x00000000020d5404      0x408 /opt/devkitpro/devkitARM/bin/../lib/gcc/arm-none-eabi/11.2.0/../../../../arm-none-eabi/lib/thumb/libg.a(lib_a-mallocr.o)
                0x00000000020d5404                __malloc_av_
 .data.__malloc_sbrk_base
                0x00000000020d580c        0x4 /opt/devkitpro/devkitARM/bin/../lib/gcc/arm-none-eabi/11.2.0/../../../../arm-none-eabi/lib/thumb/libg.a(lib_a-mallocr.o)
                0x00000000020d580c                __malloc_sbrk_base
 .data.__malloc_trim_threshold
                0x00000000020d5810        0x4 /opt/devkitpro/devkitARM/bin/../lib/gcc/arm-none-eabi/11.2.0/../../../../arm-none-eabi/lib/thumb/libg.a(lib_a-mallocr.o)
                0x00000000020d5810                __malloc_trim_threshold
 .data._impure_ptr
                0x00000000020d5814        0x4 /opt/devkitpro/devkitARM/bin/../lib/gcc/arm-none-eabi/11.2.0/../../../../arm-none-eabi/lib/thumb/libg.a(lib_a-impure.o)
                0x00000000020d5814                _impure_ptr
 *fill*         0x00000000020d5818        0x0 ff
 .data.impure_data
                0x00000000020d5818      0x460 /opt/devkitpro/devkitARM/bin/../lib/gcc/arm-none-eabi/11.2.0/../../../../arm-none-eabi/lib/thumb/libg.a(lib_a-impure.o)
 .data.__global_locale
                0x00000000020d5c78      0x16c /opt/devkitpro/devkitARM/bin/../lib/gcc/arm-none-eabi/11.2.0/../../../../arm-none-eabi/lib/thumb/libg.a(lib_a-locale.o)
                0x00000000020d5c78                __global_locale
 .data.devoptab_list
                0x00000000020d5de4       0x8c /opt/devkitpro/devkitARM/bin/../lib/gcc/arm-none-eabi/11.2.0/../../../../arm-none-eabi/lib/thumb/libsysbase.a(iosupport.o)
                0x00000000020d5de4                devoptab_list
 .data.__stderr_handle
                0x00000000020d5e70        0xc /opt/devkitpro/devkitARM/bin/../lib/gcc/arm-none-eabi/11.2.0/../../../../arm-none-eabi/lib/thumb/libsysbase.a(handle_manager.o)
 .data.__stdin_handle
                0x00000000020d5e7c        0xc /opt/devkitpro/devkitARM/bin/../lib/gcc/arm-none-eabi/11.2.0/../../../../arm-none-eabi/lib/thumb/libsysbase.a(handle_manager.o)
 .data.__stdout_handle
                0x00000000020d5e88        0xc /opt/devkitpro/devkitARM/bin/../lib/gcc/arm-none-eabi/11.2.0/../../../../arm-none-eabi/lib/thumb/libsysbase.a(handle_manager.o)
 .data.handles  0x00000000020d5e94     0x1000 /opt/devkitpro/devkitARM/bin/../lib/gcc/arm-none-eabi/11.2.0/../../../../arm-none-eabi/lib/thumb/libsysbase.a(handle_manager.o)
 *(EXCLUDE_FILE(*.twl*) .gnu.linkonce.d*)
                0x00000000020d6e94                . = ALIGN (0x4)
                0x00000000020d6e94                __data_end = ABSOLUTE (.)
                0x00000000020d6e94                __bss_vma = .

.igot.plt       0x00000000020d6e94        0x0
 .igot.plt      0x00000000020d6e94        0x0 /opt/devkitpro/devkitARM/bin/../lib/gcc/arm-none-eabi/11.2.0/../../../../arm-none-eabi/lib/thumb/ds_arm9_crt0.o

.dtcm           0x0000000002ff0000        0x0 load address 0x00000000020d6e94
                0x00000000020d6e94                __dtcm_lma = LOADADDR (.dtcm)
                0x0000000002ff0000                __dtcm_start = ABSOLUTE (.)
 *(.dtcm)
 *(.dtcm.*)
                0x0000000002ff0000                . = ALIGN (0x4)
                0x0000000002ff0000                __dtcm_end = ABSOLUTE (.)

.itcm           0x0000000001000100      0x194 load address 0x00000000020d6e94
                0x00000000020d6e94                __itcm_lma = LOADADDR (.itcm)
                0x0000000001000100                __itcm_start = ABSOLUTE (.)
 *(.itcm)
 .itcm          0x0000000001000100       0xc8 /opt/devkitpro/libnds/lib/libnds9.a(interrupts.o)
                0x0000000001000100                irqTable
 .itcm          0x00000000010001c8       0xcc /opt/devkitpro/libnds/lib/libnds9.a(interruptDispatcher.o)
                0x00000000010001c8                IntrMain
 *.itcm*(.text .stub .text.*)
                0x0000000001000294                . = ALIGN (0x4)
                0x0000000001000294                __itcm_end = ABSOLUTE (.)

.vectors        0x0000000001000000        0x0 load address 0x00000000020d7028
                0x00000000020d7028                __vectors_lma = LOADADDR (.vectors)
                0x0000000001000000                __vectors_start = ABSOLUTE (.)
 *(.vectors .vectors.*)
                0x0000000001000000                . = ALIGN (0x4)
                0x0000000001000000                __vectors_end = ABSOLUTE (.)

.sbss           0x0000000002ff0000        0x0
                0x0000000002ff0000                __sbss_start = ABSOLUTE (.)
                0x0000000002ff0000                __sbss_start__ = ABSOLUTE (.)
 *(.sbss)
                0x0000000002ff0000                . = ALIGN (0x4)
                0x0000000002ff0000                __sbss_end = ABSOLUTE (.)

.bss            0x00000000020d6e94     0x14d8
                0x00000000020d6e94                __bss_start = ABSOLUTE (.)
                0x00000000020d6e94                __bss_start__ = ABSOLUTE (.)
 *(EXCLUDE_FILE(*.twl*) .dynbss)
 *(EXCLUDE_FILE(*.twl*) .gnu.linkonce.b*)
 *(EXCLUDE_FILE(*.twl*) .bss*)
 .bss.completed.1
                0x00000000020d6e94        0x1 /opt/devkitpro/devkitARM/bin/../lib/gcc/arm-none-eabi/11.2.0/thumb/crtbegin.o
 *fill*         0x00000000020d6e95        0x3 
 .bss.object.0  0x00000000020d6e98       0x18 /opt/devkitpro/devkitARM/bin/../lib/gcc/arm-none-eabi/11.2.0/thumb/crtbegin.o
 .bss           0x00000000020d6eb0       0x30 rutinasAtencion.o
                0x00000000020d6eb0                ESTADO
                0x00000000020d6ec4                puntos
                0x00000000020d6ed0                cambioFondo
                0x00000000020d6ed8                movDcha
                0x00000000020d6ed9                movIzda
                0x00000000020d6edc                seg3
 .bss           0x00000000020d6ee0       0x30 sprites.o
                0x00000000020d6ee0                gfxdino
                0x00000000020d6ee4                gfxdino_izda
                0x00000000020d6ee8                gfxdino_dcha
                0x00000000020d6eec                gfxdino_agachar
                0x00000000020d6ef0                gfxdino_agachar_dcha
                0x00000000020d6ef4                gfxdino_agachar_izda
                0x00000000020d6ef8                gfxdino_choque
                0x00000000020d6efc                gfxarbol_2
                0x00000000020d6f00                gfxarbol_3
                0x00000000020d6f04                gfxarbol_4
                0x00000000020d6f08                gfxpajaro_abajo
                0x00000000020d6f0c                gfxpajaro_arriba
 .bss.SDcallback
                0x00000000020d6f10        0x4 /opt/devkitpro/libnds/lib/libnds9.a(system.o)
 .bss.currentCopy
                0x00000000020d6f14       0x5c /opt/devkitpro/libnds/lib/libnds9.a(console.o)
                0x00000000020d6f14                currentCopy
 .bss.OamMemory
                0x00000000020d6f70      0x400 /opt/devkitpro/libnds/lib/libnds9.a(sprite.o)
                0x00000000020d6f70                OamMemory
 .bss.OamMemorySub
                0x00000000020d7370      0x400 /opt/devkitpro/libnds/lib/libnds9.a(sprite.o)
                0x00000000020d7370                OamMemorySub
 .bss.__dsimode
                0x00000000020d7770        0x1 /opt/devkitpro/libnds/lib/libnds9.a(initSystem.o)
                0x00000000020d7770                __dsimode
 *fill*         0x00000000020d7771        0x3 
 .bss.punixTime
                0x00000000020d7774        0x4 /opt/devkitpro/libnds/lib/libnds9.a(initSystem.o)
                0x00000000020d7774                punixTime
 .bss.fifo_address_data
                0x00000000020d7778       0x40 /opt/devkitpro/libnds/lib/libnds9.a(fifosystem.o)
                0x00000000020d7778                fifo_address_data
 .bss.fifo_address_func
                0x00000000020d77b8       0x40 /opt/devkitpro/libnds/lib/libnds9.a(fifosystem.o)
                0x00000000020d77b8                fifo_address_func
 .bss.fifo_address_queue
                0x00000000020d77f8       0x40 /opt/devkitpro/libnds/lib/libnds9.a(fifosystem.o)
                0x00000000020d77f8                fifo_address_queue
 .bss.fifo_buffer
                0x00000000020d7838      0x800 /opt/devkitpro/libnds/lib/libnds9.a(fifosystem.o)
                0x00000000020d7838                fifo_buffer
 .bss.fifo_data_queue
                0x00000000020d8038       0x40 /opt/devkitpro/libnds/lib/libnds9.a(fifosystem.o)
                0x00000000020d8038                fifo_data_queue
 .bss.fifo_datamsg_data
                0x00000000020d8078       0x40 /opt/devkitpro/libnds/lib/libnds9.a(fifosystem.o)
                0x00000000020d8078                fifo_datamsg_data
 .bss.fifo_datamsg_func
                0x00000000020d80b8       0x40 /opt/devkitpro/libnds/lib/libnds9.a(fifosystem.o)
                0x00000000020d80b8                fifo_datamsg_func
 .bss.fifo_value32_data
                0x00000000020d80f8       0x40 /opt/devkitpro/libnds/lib/libnds9.a(fifosystem.o)
                0x00000000020d80f8                fifo_value32_data
 .bss.fifo_value32_func
                0x00000000020d8138       0x40 /opt/devkitpro/libnds/lib/libnds9.a(fifosystem.o)
                0x00000000020d8138                fifo_value32_func
 .bss.fifo_value32_queue
                0x00000000020d8178       0x40 /opt/devkitpro/libnds/lib/libnds9.a(fifosystem.o)
                0x00000000020d8178                fifo_value32_queue
 .bss.processing
                0x00000000020d81b8        0x4 /opt/devkitpro/libnds/lib/libnds9.a(fifosystem.o)
                0x00000000020d81b8                processing
 .bss.bgIsTextLut
                0x00000000020d81bc        0x8 /opt/devkitpro/libnds/lib/libnds9.a(background.o)
                0x00000000020d81bc                bgIsTextLut
 .bss.bgState   0x00000000020d81c4      0x140 /opt/devkitpro/libnds/lib/libnds9.a(background.o)
                0x00000000020d81c4                bgState
 .bss.__malloc_current_mallinfo
                0x00000000020d8304       0x28 /opt/devkitpro/devkitARM/bin/../lib/gcc/arm-none-eabi/11.2.0/../../../../arm-none-eabi/lib/thumb/libg.a(lib_a-mallocr.o)
                0x00000000020d8304                __malloc_current_mallinfo
 .bss.__malloc_max_sbrked_mem
                0x00000000020d832c        0x4 /opt/devkitpro/devkitARM/bin/../lib/gcc/arm-none-eabi/11.2.0/../../../../arm-none-eabi/lib/thumb/libg.a(lib_a-mallocr.o)
                0x00000000020d832c                __malloc_max_sbrked_mem
 .bss.__malloc_max_total_mem
                0x00000000020d8330        0x4 /opt/devkitpro/devkitARM/bin/../lib/gcc/arm-none-eabi/11.2.0/../../../../arm-none-eabi/lib/thumb/libg.a(lib_a-mallocr.o)
                0x00000000020d8330                __malloc_max_total_mem
 .bss.__malloc_top_pad
                0x00000000020d8334        0x4 /opt/devkitpro/devkitARM/bin/../lib/gcc/arm-none-eabi/11.2.0/../../../../arm-none-eabi/lib/thumb/libg.a(lib_a-mallocr.o)
                0x00000000020d8334                __malloc_top_pad
 .bss.__malloc_recursive_mutex
                0x00000000020d8338        0xc /opt/devkitpro/devkitARM/bin/../lib/gcc/arm-none-eabi/11.2.0/../../../../arm-none-eabi/lib/thumb/libg.a(lib_a-mlock.o)
 .bss.__sfp_recursive_mutex
                0x00000000020d8344        0xc /opt/devkitpro/devkitARM/bin/../lib/gcc/arm-none-eabi/11.2.0/../../../../arm-none-eabi/lib/thumb/libg.a(lib_a-findfp.o)
 .bss.__sinit_recursive_mutex
                0x00000000020d8350        0xc /opt/devkitpro/devkitARM/bin/../lib/gcc/arm-none-eabi/11.2.0/../../../../arm-none-eabi/lib/thumb/libg.a(lib_a-findfp.o)
 .bss.heap_start.0
                0x00000000020d835c        0x4 /opt/devkitpro/devkitARM/bin/../lib/gcc/arm-none-eabi/11.2.0/../../../../arm-none-eabi/lib/thumb/libsysbase.a(sbrk.o)
 .bss.fake_heap_end
                0x00000000020d8360        0x4 /opt/devkitpro/devkitARM/bin/../lib/gcc/arm-none-eabi/11.2.0/../../../../arm-none-eabi/lib/thumb/libsysbase.a(malloc_vars.o)
                0x00000000020d8360                fake_heap_end
 .bss.fake_heap_start
                0x00000000020d8364        0x4 /opt/devkitpro/devkitARM/bin/../lib/gcc/arm-none-eabi/11.2.0/../../../../arm-none-eabi/lib/thumb/libsysbase.a(malloc_vars.o)
                0x00000000020d8364                fake_heap_start
 .bss.__hndl_lock
                0x00000000020d8368        0x4 /opt/devkitpro/devkitARM/bin/../lib/gcc/arm-none-eabi/11.2.0/../../../../arm-none-eabi/lib/thumb/libsysbase.a(handle_manager.o)
 *(EXCLUDE_FILE(*.twl*) COMMON)
                0x00000000020d836c                . = ALIGN (0x4)
                0x00000000020d836c                __bss_end__ = ABSOLUTE (.)
                0x00000000020d836c                __end__ = ABSOLUTE (.)

.twl            0x00000000020d836c        0x0 load address 0x0000000002400000
                0x0000000002400000                __arm9i_lma__ = LOADADDR (.twl)
                0x00000000020d836c                __arm9i_start__ = ABSOLUTE (.)
 *(.twl)
 *.twl*(.text .stub .text.* .gnu.linkonce.t.*)
 *.twl*(.rodata)
 *.twl*(.roda)
 *.twl*(.rodata.*)
 *.twl*(.data)
 *.twl*(.data.*)
 *.twl*(.gnu.linkonce.d*)
                0x00000000020d836c                __arm9i_end__ = ABSOLUTE (.)

.twl_bss        0x00000000020d836c        0x0
                0x00000000020d836c                __twl_bss_start__ = ABSOLUTE (.)
 *(.twl_bss)
 *.twl*(.dynbss)
 *.twl*(.gnu.linkonce.b*)
 *.twl*(.bss*)
 *.twl*(COMMON)
                0x00000000020d836c                . = ALIGN (0x4)
                0x00000000020d836c                __twl_bss_end__ = ABSOLUTE (.)
                0x00000000020d836c                __twl_end__ = ABSOLUTE (.)

.stab
 *(.stab)

.stabstr
 *(.stabstr)

.stab.excl
 *(.stab.excl)

.stab.exclstr
 *(.stab.exclstr)

.stab.index
 *(.stab.index)

.stab.indexstr
 *(.stab.indexstr)

.comment        0x0000000000000000       0x23
 *(.comment)
 .comment       0x0000000000000000       0x23 /opt/devkitpro/devkitARM/bin/../lib/gcc/arm-none-eabi/11.2.0/thumb/crtbegin.o
                                         0x24 (size before relaxing)
 .comment       0x0000000000000023       0x24 fondos.o
 .comment       0x0000000000000023       0x24 graficos.o
 .comment       0x0000000000000023       0x24 juego.o
 .comment       0x0000000000000023       0x24 main.o
 .comment       0x0000000000000023       0x24 perifericos.o
 .comment       0x0000000000000023       0x24 rutinasAtencion.o
 .comment       0x0000000000000023       0x24 sprites.o
 .comment       0x0000000000000023       0x24 /opt/devkitpro/libnds/lib/libnds9.a(video.o)
 .comment       0x0000000000000023       0x24 /opt/devkitpro/libnds/lib/libnds9.a(touch.o)
 .comment       0x0000000000000023       0x24 /opt/devkitpro/libnds/lib/libnds9.a(sprite_alloc.o)
 .comment       0x0000000000000023       0x24 /opt/devkitpro/libnds/lib/libnds9.a(system.o)
 .comment       0x0000000000000023       0x24 /opt/devkitpro/libnds/lib/libnds9.a(console.o)
 .comment       0x0000000000000023       0x24 /opt/devkitpro/libnds/lib/libnds9.a(sprite.o)
 .comment       0x0000000000000023       0x24 /opt/devkitpro/libnds/lib/libnds9.a(initSystem.o)
 .comment       0x0000000000000023       0x24 /opt/devkitpro/libnds/lib/libnds9.a(securearea.o)
 .comment       0x0000000000000023       0x24 /opt/devkitpro/libnds/lib/libnds9.a(interrupts.o)
 .comment       0x0000000000000023       0x24 /opt/devkitpro/libnds/lib/libnds9.a(libnds_exit.arm.o)
 .comment       0x0000000000000023       0x24 /opt/devkitpro/libnds/lib/libnds9.a(fifosystem.o)
 .comment       0x0000000000000023       0x24 /opt/devkitpro/libnds/lib/libnds9.a(background.o)
 .comment       0x0000000000000023       0x24 /opt/devkitpro/libnds/lib/libnds9.a(trig.o)
 .comment       0x0000000000000023       0x24 /opt/devkitpro/devkitARM/bin/../lib/gcc/arm-none-eabi/11.2.0/../../../../arm-none-eabi/lib/thumb/libg.a(lib_a-init.o)
 .comment       0x0000000000000023       0x24 /opt/devkitpro/devkitARM/bin/../lib/gcc/arm-none-eabi/11.2.0/../../../../arm-none-eabi/lib/thumb/libg.a(lib_a-iprintf.o)
 .comment       0x0000000000000023       0x24 /opt/devkitpro/devkitARM/bin/../lib/gcc/arm-none-eabi/11.2.0/../../../../arm-none-eabi/lib/thumb/libg.a(lib_a-malloc.o)
 .comment       0x0000000000000023       0x24 /opt/devkitpro/devkitARM/bin/../lib/gcc/arm-none-eabi/11.2.0/../../../../arm-none-eabi/lib/thumb/libg.a(lib_a-mallocr.o)
 .comment       0x0000000000000023       0x24 /opt/devkitpro/devkitARM/bin/../lib/gcc/arm-none-eabi/11.2.0/../../../../arm-none-eabi/lib/thumb/libg.a(lib_a-memcpy-stub.o)
 .comment       0x0000000000000023       0x24 /opt/devkitpro/devkitARM/bin/../lib/gcc/arm-none-eabi/11.2.0/../../../../arm-none-eabi/lib/thumb/libg.a(lib_a-memset.o)
 .comment       0x0000000000000023       0x24 /opt/devkitpro/devkitARM/bin/../lib/gcc/arm-none-eabi/11.2.0/../../../../arm-none-eabi/lib/thumb/libg.a(lib_a-mlock.o)
 .comment       0x0000000000000023       0x24 /opt/devkitpro/devkitARM/bin/../lib/gcc/arm-none-eabi/11.2.0/../../../../arm-none-eabi/lib/thumb/libg.a(lib_a-realloc.o)
 .comment       0x0000000000000023       0x24 /opt/devkitpro/devkitARM/bin/../lib/gcc/arm-none-eabi/11.2.0/../../../../arm-none-eabi/lib/thumb/libg.a(lib_a-reallocr.o)
 .comment       0x0000000000000023       0x24 /opt/devkitpro/devkitARM/bin/../lib/gcc/arm-none-eabi/11.2.0/../../../../arm-none-eabi/lib/thumb/libg.a(lib_a-setvbuf.o)
 .comment       0x0000000000000023       0x24 /opt/devkitpro/devkitARM/bin/../lib/gcc/arm-none-eabi/11.2.0/../../../../arm-none-eabi/lib/thumb/libg.a(lib_a-siscanf.o)
 .comment       0x0000000000000023       0x24 /opt/devkitpro/devkitARM/bin/../lib/gcc/arm-none-eabi/11.2.0/../../../../arm-none-eabi/lib/thumb/libg.a(lib_a-stdio.o)
 .comment       0x0000000000000023       0x24 /opt/devkitpro/devkitARM/bin/../lib/gcc/arm-none-eabi/11.2.0/../../../../arm-none-eabi/lib/thumb/libg.a(lib_a-strlen-stub.o)
 .comment       0x0000000000000023       0x24 /opt/devkitpro/devkitARM/bin/../lib/gcc/arm-none-eabi/11.2.0/../../../../arm-none-eabi/lib/thumb/libg.a(lib_a-svfiscanf.o)
 .comment       0x0000000000000023       0x24 /opt/devkitpro/devkitARM/bin/../lib/gcc/arm-none-eabi/11.2.0/../../../../arm-none-eabi/lib/thumb/libg.a(lib_a-ungetc.o)
 .comment       0x0000000000000023       0x24 /opt/devkitpro/devkitARM/bin/../lib/gcc/arm-none-eabi/11.2.0/../../../../arm-none-eabi/lib/thumb/libg.a(lib_a-vfiprintf.o)
 .comment       0x0000000000000023       0x24 /opt/devkitpro/devkitARM/bin/../lib/gcc/arm-none-eabi/11.2.0/../../../../arm-none-eabi/lib/thumb/libg.a(lib_a-wcrtomb.o)
 .comment       0x0000000000000023       0x24 /opt/devkitpro/devkitARM/bin/../lib/gcc/arm-none-eabi/11.2.0/../../../../arm-none-eabi/lib/thumb/libg.a(lib_a-wcsrtombs.o)
 .comment       0x0000000000000023       0x24 /opt/devkitpro/devkitARM/bin/../lib/gcc/arm-none-eabi/11.2.0/../../../../arm-none-eabi/lib/thumb/libg.a(lib_a-wsetup.o)
 .comment       0x0000000000000023       0x24 /opt/devkitpro/devkitARM/bin/../lib/gcc/arm-none-eabi/11.2.0/../../../../arm-none-eabi/lib/thumb/libg.a(lib_a-ctype_.o)
 .comment       0x0000000000000023       0x24 /opt/devkitpro/devkitARM/bin/../lib/gcc/arm-none-eabi/11.2.0/../../../../arm-none-eabi/lib/thumb/libg.a(lib_a-fflush.o)
 .comment       0x0000000000000023       0x24 /opt/devkitpro/devkitARM/bin/../lib/gcc/arm-none-eabi/11.2.0/../../../../arm-none-eabi/lib/thumb/libg.a(lib_a-findfp.o)
 .comment       0x0000000000000023       0x24 /opt/devkitpro/devkitARM/bin/../lib/gcc/arm-none-eabi/11.2.0/../../../../arm-none-eabi/lib/thumb/libg.a(lib_a-freer.o)
 .comment       0x0000000000000023       0x24 /opt/devkitpro/devkitARM/bin/../lib/gcc/arm-none-eabi/11.2.0/../../../../arm-none-eabi/lib/thumb/libg.a(lib_a-fvwrite.o)
 .comment       0x0000000000000023       0x24 /opt/devkitpro/devkitARM/bin/../lib/gcc/arm-none-eabi/11.2.0/../../../../arm-none-eabi/lib/thumb/libg.a(lib_a-fwalk.o)
 .comment       0x0000000000000023       0x24 /opt/devkitpro/devkitARM/bin/../lib/gcc/arm-none-eabi/11.2.0/../../../../arm-none-eabi/lib/thumb/libg.a(lib_a-impure.o)
 .comment       0x0000000000000023       0x24 /opt/devkitpro/devkitARM/bin/../lib/gcc/arm-none-eabi/11.2.0/../../../../arm-none-eabi/lib/thumb/libg.a(lib_a-iswspace.o)
 .comment       0x0000000000000023       0x24 /opt/devkitpro/devkitARM/bin/../lib/gcc/arm-none-eabi/11.2.0/../../../../arm-none-eabi/lib/thumb/libg.a(lib_a-localeconv.o)
 .comment       0x0000000000000023       0x24 /opt/devkitpro/devkitARM/bin/../lib/gcc/arm-none-eabi/11.2.0/../../../../arm-none-eabi/lib/thumb/libg.a(lib_a-locale.o)
 .comment       0x0000000000000023       0x24 /opt/devkitpro/devkitARM/bin/../lib/gcc/arm-none-eabi/11.2.0/../../../../arm-none-eabi/lib/thumb/libg.a(lib_a-makebuf.o)
 .comment       0x0000000000000023       0x24 /opt/devkitpro/devkitARM/bin/../lib/gcc/arm-none-eabi/11.2.0/../../../../arm-none-eabi/lib/thumb/libg.a(lib_a-mbrtowc.o)
 .comment       0x0000000000000023       0x24 /opt/devkitpro/devkitARM/bin/../lib/gcc/arm-none-eabi/11.2.0/../../../../arm-none-eabi/lib/thumb/libg.a(lib_a-mbtowc_r.o)
 .comment       0x0000000000000023       0x24 /opt/devkitpro/devkitARM/bin/../lib/gcc/arm-none-eabi/11.2.0/../../../../arm-none-eabi/lib/thumb/libg.a(lib_a-memchr-stub.o)
 .comment       0x0000000000000023       0x24 /opt/devkitpro/devkitARM/bin/../lib/gcc/arm-none-eabi/11.2.0/../../../../arm-none-eabi/lib/thumb/libg.a(lib_a-memmove.o)
 .comment       0x0000000000000023       0x24 /opt/devkitpro/devkitARM/bin/../lib/gcc/arm-none-eabi/11.2.0/../../../../arm-none-eabi/lib/thumb/libg.a(lib_a-sccl.o)
 .comment       0x0000000000000023       0x24 /opt/devkitpro/devkitARM/bin/../lib/gcc/arm-none-eabi/11.2.0/../../../../arm-none-eabi/lib/thumb/libg.a(lib_a-strncpy.o)
 .comment       0x0000000000000023       0x24 /opt/devkitpro/devkitARM/bin/../lib/gcc/arm-none-eabi/11.2.0/../../../../arm-none-eabi/lib/thumb/libg.a(lib_a-strtoll.o)
 .comment       0x0000000000000023       0x24 /opt/devkitpro/devkitARM/bin/../lib/gcc/arm-none-eabi/11.2.0/../../../../arm-none-eabi/lib/thumb/libg.a(lib_a-strtol.o)
 .comment       0x0000000000000023       0x24 /opt/devkitpro/devkitARM/bin/../lib/gcc/arm-none-eabi/11.2.0/../../../../arm-none-eabi/lib/thumb/libg.a(lib_a-strtoull.o)
 .comment       0x0000000000000023       0x24 /opt/devkitpro/devkitARM/bin/../lib/gcc/arm-none-eabi/11.2.0/../../../../arm-none-eabi/lib/thumb/libg.a(lib_a-strtoul.o)
 .comment       0x0000000000000023       0x24 /opt/devkitpro/devkitARM/bin/../lib/gcc/arm-none-eabi/11.2.0/../../../../arm-none-eabi/lib/thumb/libg.a(lib_a-svfiprintf.o)
 .comment       0x0000000000000023       0x24 /opt/devkitpro/devkitARM/bin/../lib/gcc/arm-none-eabi/11.2.0/../../../../arm-none-eabi/lib/thumb/libg.a(lib_a-wcsnrtombs.o)
 .comment       0x0000000000000023       0x24 /opt/devkitpro/devkitARM/bin/../lib/gcc/arm-none-eabi/11.2.0/../../../../arm-none-eabi/lib/thumb/libg.a(lib_a-wctomb_r.o)
 .comment       0x0000000000000023       0x24 /opt/devkitpro/devkitARM/bin/../lib/gcc/arm-none-eabi/11.2.0/../../../../arm-none-eabi/lib/thumb/libg.a(lib_a-errno.o)
 .comment       0x0000000000000023       0x24 /opt/devkitpro/devkitARM/bin/../lib/gcc/arm-none-eabi/11.2.0/../../../../arm-none-eabi/lib/thumb/libg.a(lib_a-fclose.o)
 .comment       0x0000000000000023       0x24 /opt/devkitpro/devkitARM/bin/../lib/gcc/arm-none-eabi/11.2.0/../../../../arm-none-eabi/lib/thumb/libg.a(lib_a-iswspace_l.o)
 .comment       0x0000000000000023       0x24 /opt/devkitpro/devkitARM/bin/../lib/gcc/arm-none-eabi/11.2.0/../../../../arm-none-eabi/lib/thumb/libg.a(lib_a-jp2uc.o)
 .comment       0x0000000000000023       0x24 /opt/devkitpro/devkitARM/bin/../lib/gcc/arm-none-eabi/11.2.0/../../../../arm-none-eabi/lib/thumb/libg.a(lib_a-categories.o)
 .comment       0x0000000000000023       0x24 /opt/devkitpro/devkitARM/bin/../lib/gcc/arm-none-eabi/11.2.0/../../../../arm-none-eabi/lib/thumb/libsysbase.a(iosupport.o)
 .comment       0x0000000000000023       0x24 /opt/devkitpro/devkitARM/bin/../lib/gcc/arm-none-eabi/11.2.0/../../../../arm-none-eabi/lib/thumb/libsysbase.a(fstat.o)
 .comment       0x0000000000000023       0x24 /opt/devkitpro/devkitARM/bin/../lib/gcc/arm-none-eabi/11.2.0/../../../../arm-none-eabi/lib/thumb/libsysbase.a(isatty.o)
 .comment       0x0000000000000023       0x24 /opt/devkitpro/devkitARM/bin/../lib/gcc/arm-none-eabi/11.2.0/../../../../arm-none-eabi/lib/thumb/libsysbase.a(lseek.o)
 .comment       0x0000000000000023       0x24 /opt/devkitpro/devkitARM/bin/../lib/gcc/arm-none-eabi/11.2.0/../../../../arm-none-eabi/lib/thumb/libsysbase.a(read.o)
 .comment       0x0000000000000023       0x24 /opt/devkitpro/devkitARM/bin/../lib/gcc/arm-none-eabi/11.2.0/../../../../arm-none-eabi/lib/thumb/libsysbase.a(sbrk.o)
 .comment       0x0000000000000023       0x24 /opt/devkitpro/devkitARM/bin/../lib/gcc/arm-none-eabi/11.2.0/../../../../arm-none-eabi/lib/thumb/libsysbase.a(write.o)
 .comment       0x0000000000000023       0x24 /opt/devkitpro/devkitARM/bin/../lib/gcc/arm-none-eabi/11.2.0/../../../../arm-none-eabi/lib/thumb/libsysbase.a(malloc_vars.o)
 .comment       0x0000000000000023       0x24 /opt/devkitpro/devkitARM/bin/../lib/gcc/arm-none-eabi/11.2.0/../../../../arm-none-eabi/lib/thumb/libsysbase.a(build_argv.o)
 .comment       0x0000000000000023       0x24 /opt/devkitpro/devkitARM/bin/../lib/gcc/arm-none-eabi/11.2.0/../../../../arm-none-eabi/lib/thumb/libsysbase.a(flock.o)
 .comment       0x0000000000000023       0x24 /opt/devkitpro/devkitARM/bin/../lib/gcc/arm-none-eabi/11.2.0/../../../../arm-none-eabi/lib/thumb/libsysbase.a(handle_manager.o)
 .comment       0x0000000000000023       0x24 /opt/devkitpro/devkitARM/bin/../lib/gcc/arm-none-eabi/11.2.0/../../../../arm-none-eabi/lib/thumb/libsysbase.a(getreent.o)
 .comment       0x0000000000000023       0x24 /opt/devkitpro/devkitARM/bin/../lib/gcc/arm-none-eabi/11.2.0/../../../../arm-none-eabi/lib/thumb/libsysbase.a(syscall_support.o)
 .comment       0x0000000000000023       0x24 /opt/devkitpro/devkitARM/bin/../lib/gcc/arm-none-eabi/11.2.0/thumb/libgcc.a(_muldi3.o)
 .comment       0x0000000000000023       0x24 /opt/devkitpro/devkitARM/bin/../lib/gcc/arm-none-eabi/11.2.0/thumb/libgcc.a(_udivmoddi4.o)
 .comment       0x0000000000000023       0x24 /opt/devkitpro/devkitARM/bin/../lib/gcc/arm-none-eabi/11.2.0/thumb/crtend.o

.ARM.attributes
                0x0000000000000000       0x2d
 .ARM.attributes
                0x0000000000000000       0x21 /opt/devkitpro/devkitARM/bin/../lib/gcc/arm-none-eabi/11.2.0/../../../../arm-none-eabi/lib/thumb/ds_arm9_crt0.o
 .ARM.attributes
                0x0000000000000021       0x1c /opt/devkitpro/devkitARM/bin/../lib/gcc/arm-none-eabi/11.2.0/thumb/crti.o
 .ARM.attributes
                0x000000000000003d       0x2a /opt/devkitpro/devkitARM/bin/../lib/gcc/arm-none-eabi/11.2.0/thumb/crtbegin.o
 .ARM.attributes
                0x0000000000000067       0x1a Fondo00.o
 .ARM.attributes
                0x0000000000000081       0x1a Fondo01.o
 .ARM.attributes
                0x000000000000009b       0x1a Fondo02.o
 .ARM.attributes
                0x00000000000000b5       0x1a Fondo03.o
 .ARM.attributes
                0x00000000000000cf       0x1a Fondo04.o
 .ARM.attributes
                0x00000000000000e9       0x1a Intro.o
 .ARM.attributes
                0x0000000000000103       0x1a Menu2.o
 .ARM.attributes
                0x000000000000011d       0x1a Menu.o
 .ARM.attributes
                0x0000000000000137       0x27 fondos.o
 .ARM.attributes
                0x000000000000015e       0x27 graficos.o
 .ARM.attributes
                0x0000000000000185       0x27 juego.o
 .ARM.attributes
                0x00000000000001ac       0x27 main.o
 .ARM.attributes
                0x00000000000001d3       0x27 perifericos.o
 .ARM.attributes
                0x00000000000001fa       0x27 rutinasAtencion.o
 .ARM.attributes
                0x0000000000000221       0x27 sprites.o
 .ARM.attributes
                0x0000000000000248       0x2b /opt/devkitpro/libnds/lib/libnds9.a(video.o)
 .ARM.attributes
                0x0000000000000273       0x2b /opt/devkitpro/libnds/lib/libnds9.a(touch.o)
 .ARM.attributes
                0x000000000000029e       0x2b /opt/devkitpro/libnds/lib/libnds9.a(sprite_alloc.o)
 .ARM.attributes
                0x00000000000002c9       0x2b /opt/devkitpro/libnds/lib/libnds9.a(system.o)
 .ARM.attributes
                0x00000000000002f4       0x2b /opt/devkitpro/libnds/lib/libnds9.a(console.o)
 .ARM.attributes
                0x000000000000031f       0x2b /opt/devkitpro/libnds/lib/libnds9.a(sprite.o)
 .ARM.attributes
                0x000000000000034a       0x2b /opt/devkitpro/libnds/lib/libnds9.a(initSystem.o)
 .ARM.attributes
                0x0000000000000375       0x2b /opt/devkitpro/libnds/lib/libnds9.a(securearea.o)
 .ARM.attributes
                0x00000000000003a0       0x2b /opt/devkitpro/libnds/lib/libnds9.a(interrupts.o)
 .ARM.attributes
                0x00000000000003cb       0x2b /opt/devkitpro/libnds/lib/libnds9.a(libnds_exit.arm.o)
 .ARM.attributes
                0x00000000000003f6       0x2b /opt/devkitpro/libnds/lib/libnds9.a(fifosystem.o)
 .ARM.attributes
                0x0000000000000421       0x1b /opt/devkitpro/libnds/lib/libnds9.a(dcache.o)
 .ARM.attributes
                0x000000000000043c       0x21 /opt/devkitpro/libnds/lib/libnds9.a(mpu_setup.o)
 .ARM.attributes
                0x000000000000045d       0x21 /opt/devkitpro/libnds/lib/libnds9.a(IntrWait.o)
 .ARM.attributes
                0x000000000000047e       0x21 /opt/devkitpro/libnds/lib/libnds9.a(cpu_clock.o)
 .ARM.attributes
                0x000000000000049f       0x1b /opt/devkitpro/libnds/lib/libnds9.a(interruptDispatcher.o)
 .ARM.attributes
                0x00000000000004ba       0x1b /opt/devkitpro/libnds/lib/libnds9.a(biosCalls.o)
 .ARM.attributes
                0x00000000000004d5       0x21 /opt/devkitpro/libnds/lib/libnds9.a(swiSoftReset.o)
 .ARM.attributes
                0x00000000000004f6       0x14 /opt/devkitpro/libnds/lib/libnds9.a(default_font.bin.o)
 .ARM.attributes
                0x000000000000050a       0x2b /opt/devkitpro/libnds/lib/libnds9.a(background.o)
 .ARM.attributes
                0x0000000000000535       0x2b /opt/devkitpro/libnds/lib/libnds9.a(trig.o)
 .ARM.attributes
                0x0000000000000560       0x1c /opt/devkitpro/devkitARM/bin/../lib/gcc/arm-none-eabi/11.2.0/thumb/libgcc.a(_divsi3.o)
 .ARM.attributes
                0x000000000000057c       0x1c /opt/devkitpro/devkitARM/bin/../lib/gcc/arm-none-eabi/11.2.0/thumb/libgcc.a(_dvmd_tls.o)
 .ARM.attributes
                0x0000000000000598       0x2a /opt/devkitpro/devkitARM/bin/../lib/gcc/arm-none-eabi/11.2.0/../../../../arm-none-eabi/lib/thumb/libg.a(lib_a-init.o)
 .ARM.attributes
                0x00000000000005c2       0x2a /opt/devkitpro/devkitARM/bin/../lib/gcc/arm-none-eabi/11.2.0/../../../../arm-none-eabi/lib/thumb/libg.a(lib_a-iprintf.o)
 .ARM.attributes
                0x00000000000005ec       0x2a /opt/devkitpro/devkitARM/bin/../lib/gcc/arm-none-eabi/11.2.0/../../../../arm-none-eabi/lib/thumb/libg.a(lib_a-malloc.o)
 .ARM.attributes
                0x0000000000000616       0x2a /opt/devkitpro/devkitARM/bin/../lib/gcc/arm-none-eabi/11.2.0/../../../../arm-none-eabi/lib/thumb/libg.a(lib_a-mallocr.o)
 .ARM.attributes
                0x0000000000000640       0x2a /opt/devkitpro/devkitARM/bin/../lib/gcc/arm-none-eabi/11.2.0/../../../../arm-none-eabi/lib/thumb/libg.a(lib_a-memcpy-stub.o)
 .ARM.attributes
                0x000000000000066a       0x2a /opt/devkitpro/devkitARM/bin/../lib/gcc/arm-none-eabi/11.2.0/../../../../arm-none-eabi/lib/thumb/libg.a(lib_a-memset.o)
 .ARM.attributes
                0x0000000000000694       0x2a /opt/devkitpro/devkitARM/bin/../lib/gcc/arm-none-eabi/11.2.0/../../../../arm-none-eabi/lib/thumb/libg.a(lib_a-mlock.o)
 .ARM.attributes
                0x00000000000006be       0x2a /opt/devkitpro/devkitARM/bin/../lib/gcc/arm-none-eabi/11.2.0/../../../../arm-none-eabi/lib/thumb/libg.a(lib_a-realloc.o)
 .ARM.attributes
                0x00000000000006e8       0x2a /opt/devkitpro/devkitARM/bin/../lib/gcc/arm-none-eabi/11.2.0/../../../../arm-none-eabi/lib/thumb/libg.a(lib_a-reallocr.o)
 .ARM.attributes
                0x0000000000000712       0x2a /opt/devkitpro/devkitARM/bin/../lib/gcc/arm-none-eabi/11.2.0/../../../../arm-none-eabi/lib/thumb/libg.a(lib_a-setvbuf.o)
 .ARM.attributes
                0x000000000000073c       0x2a /opt/devkitpro/devkitARM/bin/../lib/gcc/arm-none-eabi/11.2.0/../../../../arm-none-eabi/lib/thumb/libg.a(lib_a-siscanf.o)
 .ARM.attributes
                0x0000000000000766       0x2a /opt/devkitpro/devkitARM/bin/../lib/gcc/arm-none-eabi/11.2.0/../../../../arm-none-eabi/lib/thumb/libg.a(lib_a-stdio.o)
 .ARM.attributes
                0x0000000000000790       0x2a /opt/devkitpro/devkitARM/bin/../lib/gcc/arm-none-eabi/11.2.0/../../../../arm-none-eabi/lib/thumb/libg.a(lib_a-strlen-stub.o)
 .ARM.attributes
                0x00000000000007ba       0x2a /opt/devkitpro/devkitARM/bin/../lib/gcc/arm-none-eabi/11.2.0/../../../../arm-none-eabi/lib/thumb/libg.a(lib_a-svfiscanf.o)
 .ARM.attributes
                0x00000000000007e4       0x2a /opt/devkitpro/devkitARM/bin/../lib/gcc/arm-none-eabi/11.2.0/../../../../arm-none-eabi/lib/thumb/libg.a(lib_a-ungetc.o)
 .ARM.attributes
                0x000000000000080e       0x2a /opt/devkitpro/devkitARM/bin/../lib/gcc/arm-none-eabi/11.2.0/../../../../arm-none-eabi/lib/thumb/libg.a(lib_a-vfiprintf.o)
 .ARM.attributes
                0x0000000000000838       0x2a /opt/devkitpro/devkitARM/bin/../lib/gcc/arm-none-eabi/11.2.0/../../../../arm-none-eabi/lib/thumb/libg.a(lib_a-wcrtomb.o)
 .ARM.attributes
                0x0000000000000862       0x2a /opt/devkitpro/devkitARM/bin/../lib/gcc/arm-none-eabi/11.2.0/../../../../arm-none-eabi/lib/thumb/libg.a(lib_a-wcsrtombs.o)
 .ARM.attributes
                0x000000000000088c       0x2a /opt/devkitpro/devkitARM/bin/../lib/gcc/arm-none-eabi/11.2.0/../../../../arm-none-eabi/lib/thumb/libg.a(lib_a-wsetup.o)
 .ARM.attributes
                0x00000000000008b6       0x2a /opt/devkitpro/devkitARM/bin/../lib/gcc/arm-none-eabi/11.2.0/../../../../arm-none-eabi/lib/thumb/libg.a(lib_a-ctype_.o)
 .ARM.attributes
                0x00000000000008e0       0x2a /opt/devkitpro/devkitARM/bin/../lib/gcc/arm-none-eabi/11.2.0/../../../../arm-none-eabi/lib/thumb/libg.a(lib_a-fflush.o)
 .ARM.attributes
                0x000000000000090a       0x2a /opt/devkitpro/devkitARM/bin/../lib/gcc/arm-none-eabi/11.2.0/../../../../arm-none-eabi/lib/thumb/libg.a(lib_a-findfp.o)
 .ARM.attributes
                0x0000000000000934       0x2a /opt/devkitpro/devkitARM/bin/../lib/gcc/arm-none-eabi/11.2.0/../../../../arm-none-eabi/lib/thumb/libg.a(lib_a-freer.o)
 .ARM.attributes
                0x000000000000095e       0x2a /opt/devkitpro/devkitARM/bin/../lib/gcc/arm-none-eabi/11.2.0/../../../../arm-none-eabi/lib/thumb/libg.a(lib_a-fvwrite.o)
 .ARM.attributes
                0x0000000000000988       0x2a /opt/devkitpro/devkitARM/bin/../lib/gcc/arm-none-eabi/11.2.0/../../../../arm-none-eabi/lib/thumb/libg.a(lib_a-fwalk.o)
 .ARM.attributes
                0x00000000000009b2       0x30 /opt/devkitpro/devkitARM/bin/../lib/gcc/arm-none-eabi/11.2.0/../../../../arm-none-eabi/lib/thumb/libg.a(lib_a-impure.o)
 .ARM.attributes
                0x00000000000009e2       0x2a /opt/devkitpro/devkitARM/bin/../lib/gcc/arm-none-eabi/11.2.0/../../../../arm-none-eabi/lib/thumb/libg.a(lib_a-iswspace.o)
 .ARM.attributes
                0x0000000000000a0c       0x2a /opt/devkitpro/devkitARM/bin/../lib/gcc/arm-none-eabi/11.2.0/../../../../arm-none-eabi/lib/thumb/libg.a(lib_a-localeconv.o)
 .ARM.attributes
                0x0000000000000a36       0x2a /opt/devkitpro/devkitARM/bin/../lib/gcc/arm-none-eabi/11.2.0/../../../../arm-none-eabi/lib/thumb/libg.a(lib_a-locale.o)
 .ARM.attributes
                0x0000000000000a60       0x2a /opt/devkitpro/devkitARM/bin/../lib/gcc/arm-none-eabi/11.2.0/../../../../arm-none-eabi/lib/thumb/libg.a(lib_a-makebuf.o)
 .ARM.attributes
                0x0000000000000a8a       0x2a /opt/devkitpro/devkitARM/bin/../lib/gcc/arm-none-eabi/11.2.0/../../../../arm-none-eabi/lib/thumb/libg.a(lib_a-mbrtowc.o)
 .ARM.attributes
                0x0000000000000ab4       0x2a /opt/devkitpro/devkitARM/bin/../lib/gcc/arm-none-eabi/11.2.0/../../../../arm-none-eabi/lib/thumb/libg.a(lib_a-mbtowc_r.o)
 .ARM.attributes
                0x0000000000000ade       0x2a /opt/devkitpro/devkitARM/bin/../lib/gcc/arm-none-eabi/11.2.0/../../../../arm-none-eabi/lib/thumb/libg.a(lib_a-memchr-stub.o)
 .ARM.attributes
                0x0000000000000b08       0x2a /opt/devkitpro/devkitARM/bin/../lib/gcc/arm-none-eabi/11.2.0/../../../../arm-none-eabi/lib/thumb/libg.a(lib_a-memmove.o)
 .ARM.attributes
                0x0000000000000b32       0x2a /opt/devkitpro/devkitARM/bin/../lib/gcc/arm-none-eabi/11.2.0/../../../../arm-none-eabi/lib/thumb/libg.a(lib_a-sccl.o)
 .ARM.attributes
                0x0000000000000b5c       0x1a /opt/devkitpro/devkitARM/bin/../lib/gcc/arm-none-eabi/11.2.0/../../../../arm-none-eabi/lib/thumb/libg.a(lib_a-strcmp.o)
 .ARM.attributes
                0x0000000000000b76       0x2a /opt/devkitpro/devkitARM/bin/../lib/gcc/arm-none-eabi/11.2.0/../../../../arm-none-eabi/lib/thumb/libg.a(lib_a-strncpy.o)
 .ARM.attributes
                0x0000000000000ba0       0x2a /opt/devkitpro/devkitARM/bin/../lib/gcc/arm-none-eabi/11.2.0/../../../../arm-none-eabi/lib/thumb/libg.a(lib_a-strtoll.o)
 .ARM.attributes
                0x0000000000000bca       0x2a /opt/devkitpro/devkitARM/bin/../lib/gcc/arm-none-eabi/11.2.0/../../../../arm-none-eabi/lib/thumb/libg.a(lib_a-strtol.o)
 .ARM.attributes
                0x0000000000000bf4       0x2a /opt/devkitpro/devkitARM/bin/../lib/gcc/arm-none-eabi/11.2.0/../../../../arm-none-eabi/lib/thumb/libg.a(lib_a-strtoull.o)
 .ARM.attributes
                0x0000000000000c1e       0x2a /opt/devkitpro/devkitARM/bin/../lib/gcc/arm-none-eabi/11.2.0/../../../../arm-none-eabi/lib/thumb/libg.a(lib_a-strtoul.o)
 .ARM.attributes
                0x0000000000000c48       0x2a /opt/devkitpro/devkitARM/bin/../lib/gcc/arm-none-eabi/11.2.0/../../../../arm-none-eabi/lib/thumb/libg.a(lib_a-svfiprintf.o)
 .ARM.attributes
                0x0000000000000c72       0x2a /opt/devkitpro/devkitARM/bin/../lib/gcc/arm-none-eabi/11.2.0/../../../../arm-none-eabi/lib/thumb/libg.a(lib_a-wcsnrtombs.o)
 .ARM.attributes
                0x0000000000000c9c       0x2a /opt/devkitpro/devkitARM/bin/../lib/gcc/arm-none-eabi/11.2.0/../../../../arm-none-eabi/lib/thumb/libg.a(lib_a-wctomb_r.o)
 .ARM.attributes
                0x0000000000000cc6       0x2a /opt/devkitpro/devkitARM/bin/../lib/gcc/arm-none-eabi/11.2.0/../../../../arm-none-eabi/lib/thumb/libg.a(lib_a-errno.o)
 .ARM.attributes
                0x0000000000000cf0       0x2a /opt/devkitpro/devkitARM/bin/../lib/gcc/arm-none-eabi/11.2.0/../../../../arm-none-eabi/lib/thumb/libg.a(lib_a-fclose.o)
 .ARM.attributes
                0x0000000000000d1a       0x2a /opt/devkitpro/devkitARM/bin/../lib/gcc/arm-none-eabi/11.2.0/../../../../arm-none-eabi/lib/thumb/libg.a(lib_a-iswspace_l.o)
 .ARM.attributes
                0x0000000000000d44       0x2a /opt/devkitpro/devkitARM/bin/../lib/gcc/arm-none-eabi/11.2.0/../../../../arm-none-eabi/lib/thumb/libg.a(lib_a-jp2uc.o)
 .ARM.attributes
                0x0000000000000d6e       0x2a /opt/devkitpro/devkitARM/bin/../lib/gcc/arm-none-eabi/11.2.0/../../../../arm-none-eabi/lib/thumb/libg.a(lib_a-categories.o)
 .ARM.attributes
                0x0000000000000d98       0x2a /opt/devkitpro/devkitARM/bin/../lib/gcc/arm-none-eabi/11.2.0/../../../../arm-none-eabi/lib/thumb/libsysbase.a(iosupport.o)
 .ARM.attributes
                0x0000000000000dc2       0x2a /opt/devkitpro/devkitARM/bin/../lib/gcc/arm-none-eabi/11.2.0/../../../../arm-none-eabi/lib/thumb/libsysbase.a(fstat.o)
 .ARM.attributes
                0x0000000000000dec       0x2a /opt/devkitpro/devkitARM/bin/../lib/gcc/arm-none-eabi/11.2.0/../../../../arm-none-eabi/lib/thumb/libsysbase.a(isatty.o)